22:00:22 **** Build of project vanila_test_bsp ****
make -k all 
Running Make include in microblaze_I/libsrc/cpu_v2_6/src
make -C microblaze_I/libsrc/cpu_v2_6/src -s include  "SHELL=/bin/sh" "COMPILER=mb-gcc" "ARCHIVER=mb-ar" "COMPILER_FLAGS= -O2 -c -mcpu=v10.0 -mlittle-endian -mno-xl-reorder -mxl-soft-mul" "EXTRA_COMPILER_FLAGS=-ffunction-sections -fdata-sections -Wall -Wextra"
Running Make include in microblaze_I/libsrc/standalone_v6_4/src
make -C microblaze_I/libsrc/standalone_v6_4/src -s include  "SHELL=/bin/sh" "COMPILER=mb-gcc" "ARCHIVER=mb-ar" "COMPILER_FLAGS= -O2 -c -mcpu=v10.0 -mlittle-endian -mno-xl-reorder -mxl-soft-mul" "EXTRA_COMPILER_FLAGS=-ffunction-sections -fdata-sections -Wall -Wextra"
Running Make include in microblaze_I/libsrc/bram_v4_2/src
make -C microblaze_I/libsrc/bram_v4_2/src -s include  "SHELL=/bin/sh" "COMPILER=mb-gcc" "ARCHIVER=mb-ar" "COMPILER_FLAGS= -O2 -c -mcpu=v10.0 -mlittle-endian -mno-xl-reorder -mxl-soft-mul" "EXTRA_COMPILER_FLAGS=-ffunction-sections -fdata-sections -Wall -Wextra"
Running Make include in microblaze_I/libsrc/iomodule_v2_5/src
make -C microblaze_I/libsrc/iomodule_v2_5/src -s include  "SHELL=/bin/sh" "COMPILER=mb-gcc" "ARCHIVER=mb-ar" "COMPILER_FLAGS= -O2 -c -mcpu=v10.0 -mlittle-endian -mno-xl-reorder -mxl-soft-mul" "EXTRA_COMPILER_FLAGS=-ffunction-sections -fdata-sections -Wall -Wextra"
Running Make libs in microblaze_I/libsrc/cpu_v2_6/src
make -C microblaze_I/libsrc/cpu_v2_6/src -s libs  "SHELL=/bin/sh" "COMPILER=mb-gcc" "ARCHIVER=mb-ar" "COMPILER_FLAGS= -O2 -c -mcpu=v10.0 -mlittle-endian -mno-xl-reorder -mxl-soft-mul" "EXTRA_COMPILER_FLAGS=-ffunction-sections -fdata-sections -Wall -Wextra"
Compiling cpu
mb-ar: creating ../../../lib/libxil.a
Running Make libs in microblaze_I/libsrc/standalone_v6_4/src
make -C microblaze_I/libsrc/standalone_v6_4/src -s libs  "SHELL=/bin/sh" "COMPILER=mb-gcc" "ARCHIVER=mb-ar" "COMPILER_FLAGS= -O2 -c -mcpu=v10.0 -mlittle-endian -mno-xl-reorder -mxl-soft-mul" "EXTRA_COMPILER_FLAGS=-ffunction-sections -fdata-sections -Wall -Wextra"
Compiling standalone
Running Make libs in microblaze_I/libsrc/bram_v4_2/src
make -C microblaze_I/libsrc/bram_v4_2/src -s libs  "SHELL=/bin/sh" "COMPILER=mb-gcc" "ARCHIVER=mb-ar" "COMPILER_FLAGS= -O2 -c -mcpu=v10.0 -mlittle-endian -mno-xl-reorder -mxl-soft-mul" "EXTRA_COMPILER_FLAGS=-ffunction-sections -fdata-sections -Wall -Wextra"
Compiling bram
Running Make libs in microblaze_I/libsrc/iomodule_v2_5/src
make -C microblaze_I/libsrc/iomodule_v2_5/src -s libs  "SHELL=/bin/sh" "COMPILER=mb-gcc" "ARCHIVER=mb-ar" "COMPILER_FLAGS= -O2 -c -mcpu=v10.0 -mlittle-endian -mno-xl-reorder -mxl-soft-mul" "EXTRA_COMPILER_FLAGS=-ffunction-sections -fdata-sections -Wall -Wextra"
Compiling iomodule
xiomodule.c: In function 'XIOModule_Initialize':
xiomodule.c:170:18: warning: comparison is always false due to limited range of data type [-Wtype-limits]
  for (Id = 0; Id < XPAR_IOMODULE_INTC_MAX_INTR_SIZE; Id++) {
                  ^
xiomodule.c:216:19: warning: comparison is always false due to limited range of data type [-Wtype-limits]
   for (Id = 0; Id < XPAR_IOMODULE_INTC_MAX_INTR_SIZE; Id++) {
                   ^
In file included from ../../../include/xstatus.h:55:0,
                 from xiomodule.h:265,
                 from xiomodule.c:60:
xiomodule.c: In function 'XIOModule_Connect':
xiomodule.c:344:23: warning: comparison is always false due to limited range of data type [-Wtype-limits]
  Xil_AssertNonvoid(Id < XPAR_IOMODULE_INTC_MAX_INTR_SIZE);
                       ^
../../../include/xil_assert.h:132:9: note: in definition of macro 'Xil_AssertNonvoid'
     if (Expression) {                              \
         ^~~~~~~~~~
xiomodule.c: In function 'XIOModule_Disconnect':
xiomodule.c:384:20: warning: comparison is always false due to limited range of data type [-Wtype-limits]
  Xil_AssertVoid(Id < XPAR_IOMODULE_INTC_MAX_INTR_SIZE);
                    ^
../../../include/xil_assert.h:107:9: note: in definition of macro 'Xil_AssertVoid'
     if (Expression) {                              \
         ^~~~~~~~~~
xiomodule.c: In function 'XIOModule_Enable':
xiomodule.c:434:20: warning: comparison is always false due to limited range of data type [-Wtype-limits]
  Xil_AssertVoid(Id < XPAR_IOMODULE_INTC_MAX_INTR_SIZE);
                    ^
../../../include/xil_assert.h:107:9: note: in definition of macro 'Xil_AssertVoid'
     if (Expression) {                              \
         ^~~~~~~~~~
xiomodule.c: In function 'XIOModule_Disable':
xiomodule.c:480:20: warning: comparison is always false due to limited range of data type [-Wtype-limits]
  Xil_AssertVoid(Id < XPAR_IOMODULE_INTC_MAX_INTR_SIZE);
                    ^
../../../include/xil_assert.h:107:9: note: in definition of macro 'Xil_AssertVoid'
     if (Expression) {                              \
         ^~~~~~~~~~
xiomodule.c: In function 'XIOModule_Acknowledge':
xiomodule.c:524:20: warning: comparison is always false due to limited range of data type [-Wtype-limits]
  Xil_AssertVoid(Id < XPAR_IOMODULE_INTC_MAX_INTR_SIZE);
                    ^
../../../include/xil_assert.h:107:9: note: in definition of macro 'Xil_AssertVoid'
     if (Expression) {                              \
         ^~~~~~~~~~
xiomodule.c: In function 'XIOModule_ConnectFastHandler':
xiomodule.c:629:23: warning: comparison is always false due to limited range of data type [-Wtype-limits]
  Xil_AssertNonvoid(Id < XPAR_IOMODULE_INTC_MAX_INTR_SIZE);
                       ^
../../../include/xil_assert.h:132:9: note: in definition of macro 'Xil_AssertNonvoid'
     if (Expression) {                              \
         ^~~~~~~~~~
xiomodule.c: In function 'XIOModule_SetNormalIntrMode':
xiomodule.c:705:20: warning: comparison is always false due to limited range of data type [-Wtype-limits]
  Xil_AssertVoid(Id < XPAR_IOMODULE_INTC_MAX_INTR_SIZE);
                    ^
../../../include/xil_assert.h:107:9: note: in definition of macro 'Xil_AssertVoid'
     if (Expression) {                              \
         ^~~~~~~~~~
xiomodule_l.c: In function 'XIOModule_DeviceInterruptHandler':
xiomodule_l.c:168:35: warning: comparison of unsigned expression < 0 is always false [-Wtype-limits]
  for (IntrNumber = 0U; IntrNumber < XPAR_IOMODULE_INTC_MAX_INTR_SIZE;
                                   ^
xiomodule_l.c:153:15: warning: variable 'Register' set but not used [-Wunused-but-set-variable]
  volatile u32 Register;   /* used as bit bucket */
               ^~~~~~~~
Finished building libraries
22:00:23 **** Build of configuration Debug for project vanila_test ****
make all 
Building file: ../src/helloworld.c
Invoking: MicroBlaze gcc compiler
mb-gcc -Wall -O0 -g3 -c -fmessage-length=0 -MT"src/helloworld.o" -I../../vanila_test_bsp/microblaze_I/include -mno-xl-reorder -mlittle-endian -mcpu=v10.0 -mxl-soft-mul -Wl,--no-relax -ffunction-sections -fdata-sections -MMD -MP -MF"src/helloworld.d" -MT"src/helloworld.o" -o "src/helloworld.o" "../src/helloworld.c"
Finished building: ../src/helloworld.c
 
Building file: ../src/platform.c
Invoking: MicroBlaze gcc compiler
mb-gcc -Wall -O0 -g3 -c -fmessage-length=0 -MT"src/platform.o" -I../../vanila_test_bsp/microblaze_I/include -mno-xl-reorder -mlittle-endian -mcpu=v10.0 -mxl-soft-mul -Wl,--no-relax -ffunction-sections -fdata-sections -MMD -MP -MF"src/platform.d" -MT"src/platform.o" -o "src/platform.o" "../src/platform.c"
Finished building: ../src/platform.c
 
Building target: vanila_test.elf
Invoking: MicroBlaze gcc linker
mb-gcc -Wl,-T -Wl,../src/lscript.ld -L../../vanila_test_bsp/microblaze_I/lib -mlittle-endian -mcpu=v10.0 -mxl-soft-mul -Wl,--no-relax -Wl,--gc-sections -o "vanila_test.elf"  ./src/helloworld.o ./src/platform.o   -Wl,--start-group,-lxil,-lgcc,-lc,--end-group
Finished building target: vanila_test.elf
 
Invoking: MicroBlaze Print Size
mb-size vanila_test.elf  |tee "vanila_test.elf.size"
   text	   data	    bss	    dec	    hex	filename
   2748	    268	   3112	   6128	   17f0	vanila_test.elf
Finished building: vanila_test.elf.size
 

**** Build of configuration Debug for project vanila_test ****

Nothing to build for project vanila_test

****  of configuration Debug for project vanila_test ****

Nothing to build for project vanila_test
22:02:23 **** Auto Build of configuration Debug for project vanila_test ****
make all 
Building file: ../src/main.c
Invoking: MicroBlaze gcc compiler
mb-gcc -Wall -O0 -g3 -c -fmessage-length=0 -MT"src/main.o" -I../../vanila_test_bsp/microblaze_I/include -mno-xl-reorder -mlittle-endian -mcpu=v10.0 -mxl-soft-mul -Wl,--no-relax -ffunction-sections -fdata-sections -MMD -MP -MF"src/main.d" -MT"src/main.o" -o "src/main.o" "../src/main.c"
Finished building: ../src/main.c
 
Building target: vanila_test.elf
Invoking: MicroBlaze gcc linker
mb-gcc -Wl,-T -Wl,../src/lscript.ld -L../../vanila_test_bsp/microblaze_I/lib -mlittle-endian -mcpu=v10.0 -mxl-soft-mul -Wl,--no-relax -Wl,--gc-sections -o "vanila_test.elf"  ./src/main.o   -Wl,--start-group,-lxil,-lgcc,-lc,--end-group
/opt/Xilinx/SDK/2017.3/gnu/microblaze/lin/bin/../lib/gcc/microblaze-xilinx-elf/6.2.0/../../../../microblaze-xilinx-elf/lib/le/crtinit.o: In function `_crtinit':
(.text+0x78): undefined reference to `main'
collect2: error: ld returned 1 exit status
makefile:36: recipe for target 'vanila_test.elf' failed
make: *** [vanila_test.elf] Error 1
22:02:34 **** Auto Build of configuration Debug for project vanila_test ****
make all 
Building file: ../src/main.c
Invoking: MicroBlaze gcc compiler
mb-gcc -Wall -O0 -g3 -c -fmessage-length=0 -MT"src/main.o" -I../../vanila_test_bsp/microblaze_I/include -mno-xl-reorder -mlittle-endian -mcpu=v10.0 -mxl-soft-mul -Wl,--no-relax -ffunction-sections -fdata-sections -MMD -MP -MF"src/main.d" -MT"src/main.o" -o "src/main.o" "../src/main.c"
Finished building: ../src/main.c
 
Building target: vanila_test.elf
Invoking: MicroBlaze gcc linker
mb-gcc -Wl,-T -Wl,../src/lscript.ld -L../../vanila_test_bsp/microblaze_I/lib -mlittle-endian -mcpu=v10.0 -mxl-soft-mul -Wl,--no-relax -Wl,--gc-sections -o "vanila_test.elf"  ./src/main.o   -Wl,--start-group,-lxil,-lgcc,-lc,--end-group
/opt/Xilinx/SDK/2017.3/gnu/microblaze/lin/bin/../lib/gcc/microblaze-xilinx-elf/6.2.0/../../../../microblaze-xilinx-elf/lib/le/crtinit.o: In function `_crtinit':
(.text+0x78): undefined reference to `main'
collect2: error: ld returned 1 exit status
makefile:36: recipe for target 'vanila_test.elf' failed
make: *** [vanila_test.elf] Error 1
22:02:42 **** Auto Build of configuration Debug for project vanila_test ****
make all 
Building file: ../src/main.c
Invoking: MicroBlaze gcc compiler
mb-gcc -Wall -O0 -g3 -c -fmessage-length=0 -MT"src/main.o" -I../../vanila_test_bsp/microblaze_I/include -mno-xl-reorder -mlittle-endian -mcpu=v10.0 -mxl-soft-mul -Wl,--no-relax -ffunction-sections -fdata-sections -MMD -MP -MF"src/main.d" -MT"src/main.o" -o "src/main.o" "../src/main.c"
Finished building: ../src/main.c
 
Building target: vanila_test.elf
Invoking: MicroBlaze gcc linker
mb-gcc -Wl,-T -Wl,../src/lscript.ld -L../../vanila_test_bsp/microblaze_I/lib -mlittle-endian -mcpu=v10.0 -mxl-soft-mul -Wl,--no-relax -Wl,--gc-sections -o "vanila_test.elf"  ./src/main.o   -Wl,--start-group,-lxil,-lgcc,-lc,--end-group
/opt/Xilinx/SDK/2017.3/gnu/microblaze/lin/bin/../lib/gcc/microblaze-xilinx-elf/6.2.0/../../../../microblaze-xilinx-elf/lib/le/crtinit.o: In function `_crtinit':
(.text+0x78): undefined reference to `main'
makefile:36: recipe for target 'vanila_test.elf' failed
collect2: error: ld returned 1 exit status
make: *** [vanila_test.elf] Error 1
22:02:47 **** Auto Build of configuration Debug for project vanila_test ****
make all 
Building file: ../src/main.c
Invoking: MicroBlaze gcc compiler
mb-gcc -Wall -O0 -g3 -c -fmessage-length=0 -MT"src/main.o" -I../../vanila_test_bsp/microblaze_I/include -mno-xl-reorder -mlittle-endian -mcpu=v10.0 -mxl-soft-mul -Wl,--no-relax -ffunction-sections -fdata-sections -MMD -MP -MF"src/main.d" -MT"src/main.o" -o "src/main.o" "../src/main.c"
Finished building: ../src/main.c
 
Building target: vanila_test.elf
Invoking: MicroBlaze gcc linker
mb-gcc -Wl,-T -Wl,../src/lscript.ld -L../../vanila_test_bsp/microblaze_I/lib -mlittle-endian -mcpu=v10.0 -mxl-soft-mul -Wl,--no-relax -Wl,--gc-sections -o "vanila_test.elf"  ./src/main.o   -Wl,--start-group,-lxil,-lgcc,-lc,--end-group
Finished building target: vanila_test.elf
 
Invoking: MicroBlaze Print Size
mb-size vanila_test.elf  |tee "vanila_test.elf.size"
   text	   data	    bss	    dec	    hex	filename
   1988	    268	   3112	   5368	   14f8	vanila_test.elf
Finished building: vanila_test.elf.size
 
22:02:49 **** Auto Build of configuration Debug for project vanila_test ****
make all 
Building file: ../src/main.c
Invoking: MicroBlaze gcc compiler
mb-gcc -Wall -O0 -g3 -c -fmessage-length=0 -MT"src/main.o" -I../../vanila_test_bsp/microblaze_I/include -mno-xl-reorder -mlittle-endian -mcpu=v10.0 -mxl-soft-mul -Wl,--no-relax -ffunction-sections -fdata-sections -MMD -MP -MF"src/main.d" -MT"src/main.o" -o "src/main.o" "../src/main.c"
Finished building: ../src/main.c
 
Building target: vanila_test.elf
Invoking: MicroBlaze gcc linker
mb-gcc -Wl,-T -Wl,../src/lscript.ld -L../../vanila_test_bsp/microblaze_I/lib -mlittle-endian -mcpu=v10.0 -mxl-soft-mul -Wl,--no-relax -Wl,--gc-sections -o "vanila_test.elf"  ./src/main.o   -Wl,--start-group,-lxil,-lgcc,-lc,--end-group
Finished building target: vanila_test.elf
 
Invoking: MicroBlaze Print Size
mb-size vanila_test.elf  |tee "vanila_test.elf.size"
   text	   data	    bss	    dec	    hex	filename
   1988	    268	   3112	   5368	   14f8	vanila_test.elf
Finished building: vanila_test.elf.size
 
22:02:55 **** Auto Build of configuration Debug for project vanila_test ****
make all 
Building file: ../src/main.c
Invoking: MicroBlaze gcc compiler
mb-gcc -Wall -O0 -g3 -c -fmessage-length=0 -MT"src/main.o" -I../../vanila_test_bsp/microblaze_I/include -mno-xl-reorder -mlittle-endian -mcpu=v10.0 -mxl-soft-mul -Wl,--no-relax -ffunction-sections -fdata-sections -MMD -MP -MF"src/main.d" -MT"src/main.o" -o "src/main.o" "../src/main.c"
Finished building: ../src/main.c
 
Building target: vanila_test.elf
Invoking: MicroBlaze gcc linker
mb-gcc -Wl,-T -Wl,../src/lscript.ld -L../../vanila_test_bsp/microblaze_I/lib -mlittle-endian -mcpu=v10.0 -mxl-soft-mul -Wl,--no-relax -Wl,--gc-sections -o "vanila_test.elf"  ./src/main.o   -Wl,--start-group,-lxil,-lgcc,-lc,--end-group
Finished building target: vanila_test.elf
 
Invoking: MicroBlaze Print Size
mb-size vanila_test.elf  |tee "vanila_test.elf.size"
   text	   data	    bss	    dec	    hex	filename
   1968	    268	   3108	   5344	   14e0	vanila_test.elf
Finished building: vanila_test.elf.size
 
22:03:02 **** Auto Build of configuration Debug for project vanila_test ****
make all 
Building file: ../src/main.c
Invoking: MicroBlaze gcc compiler
mb-gcc -Wall -O0 -g3 -c -fmessage-length=0 -MT"src/main.o" -I../../vanila_test_bsp/microblaze_I/include -mno-xl-reorder -mlittle-endian -mcpu=v10.0 -mxl-soft-mul -Wl,--no-relax -ffunction-sections -fdata-sections -MMD -MP -MF"src/main.d" -MT"src/main.o" -o "src/main.o" "../src/main.c"
../src/main.c: In function 'main':
../src/main.c:6:12: warning: unused variable 'a' [-Wunused-variable]
Finished building: ../src/main.c
   uint32_t a;
            ^
 
Building target: vanila_test.elf
Invoking: MicroBlaze gcc linker
mb-gcc -Wl,-T -Wl,../src/lscript.ld -L../../vanila_test_bsp/microblaze_I/lib -mlittle-endian -mcpu=v10.0 -mxl-soft-mul -Wl,--no-relax -Wl,--gc-sections -o "vanila_test.elf"  ./src/main.o   -Wl,--start-group,-lxil,-lgcc,-lc,--end-group
Finished building target: vanila_test.elf
 
Invoking: MicroBlaze Print Size
mb-size vanila_test.elf  |tee "vanila_test.elf.size"
   text	   data	    bss	    dec	    hex	filename
   1968	    268	   3108	   5344	   14e0	vanila_test.elf
Finished building: vanila_test.elf.size
 
22:05:33 **** Auto Build of configuration Debug for project vanila_test ****
make all 
Building file: ../src/main.c
Invoking: MicroBlaze gcc compiler
mb-gcc -Wall -O0 -g3 -c -fmessage-length=0 -MT"src/main.o" -I../../vanila_test_bsp/microblaze_I/include -mno-xl-reorder -mlittle-endian -mcpu=v10.0 -mxl-soft-mul -Wl,--no-relax -ffunction-sections -fdata-sections -MMD -MP -MF"src/main.d" -MT"src/main.o" -o "src/main.o" "../src/main.c"
../src/main.c: In function 'uart_rx_empty':
../src/main.c:9:17: error: macro "io_read" requires 2 arguments, but only 1 given
  return io_read()
                 ^
../src/main.c:9:9: error: 'io_read' undeclared (first use in this function)
  return io_read()
         ^~~~~~~
../src/main.c:9:9: note: each undeclared identifier is reported only once for each function it appears in
../src/main.c:10:1: error: expected ';' before '}' token
src/subdir.mk:21: recipe for target 'src/main.o' failed
 }
 ^
../src/main.c:10:1: warning: control reaches end of non-void function [-Wreturn-type]
 }
 ^
make: *** [src/main.o] Error 1
22:07:00 **** Auto Build of configuration Debug for project vanila_test ****
make all 
Building file: ../src/main.c
Invoking: MicroBlaze gcc compiler
mb-gcc -Wall -O0 -g3 -c -fmessage-length=0 -MT"src/main.o" -I../../vanila_test_bsp/microblaze_I/include -mno-xl-reorder -mlittle-endian -mcpu=v10.0 -mxl-soft-mul -Wl,--no-relax -ffunction-sections -fdata-sections -MMD -MP -MF"src/main.d" -MT"src/main.o" -o "src/main.o" "../src/main.c"
In file included from ../src/main.c:2:0:
../src/main.c: In function 'uart_rx_empty':
../src/io_rw.h:10:43: error: unknown type name 'uint_32_t'
src/subdir.mk:21: recipe for target 'src/main.o' failed
 #define io_read(base, offset) (*(volatile uint_32_t *)((base) + (4*(offset)))
                                           ^
../src/main.c:9:9: note: in expansion of macro 'io_read'
  return io_read(UART_BASE, 0) & (1<<8);
         ^~~~~~~
../src/io_rw.h:12:42: error: 'mmmio_base' undeclared (first use in this function)
 #define get_slot_addr(mmio_base, slot) ((mmmio_base) + ((slot)*32*4))
                                          ^
../src/io_rw.h:10:57: note: in definition of macro 'io_read'
 #define io_read(base, offset) (*(volatile uint_32_t *)((base) + (4*(offset)))
                                                         ^~~~
../src/main.c:5:19: note: in expansion of macro 'get_slot_addr'
 #define UART_BASE get_slot_addr(BRIDGE_BASE, S1_UART)
                   ^~~~~~~~~~~~~
../src/main.c:9:17: note: in expansion of macro 'UART_BASE'
  return io_read(UART_BASE, 0) & (1<<8);
                 ^~~~~~~~~
../src/io_rw.h:12:42: note: each undeclared identifier is reported only once for each function it appears in
 #define get_slot_addr(mmio_base, slot) ((mmmio_base) + ((slot)*32*4))
                                          ^
../src/io_rw.h:10:57: note: in definition of macro 'io_read'
 #define io_read(base, offset) (*(volatile uint_32_t *)((base) + (4*(offset)))
                                                         ^~~~
../src/main.c:5:19: note: in expansion of macro 'get_slot_addr'
 #define UART_BASE get_slot_addr(BRIDGE_BASE, S1_UART)
                   ^~~~~~~~~~~~~
../src/main.c:9:17: note: in expansion of macro 'UART_BASE'
  return io_read(UART_BASE, 0) & (1<<8);
                 ^~~~~~~~~
../src/main.c:9:39: error: expected ')' before ';' token
  return io_read(UART_BASE, 0) & (1<<8);
                                       ^
../src/main.c:10:1: error: expected ';' before '}' token
 }
 ^
../src/main.c:10:1: warning: control reaches end of non-void function [-Wreturn-type]
 }
 ^
make: *** [src/main.o] Error 1
22:07:31 **** Auto Build of configuration Debug for project vanila_test ****
make all 
Building file: ../src/main.c
Invoking: MicroBlaze gcc compiler
mb-gcc -Wall -O0 -g3 -c -fmessage-length=0 -MT"src/main.o" -I../../vanila_test_bsp/microblaze_I/include -mno-xl-reorder -mlittle-endian -mcpu=v10.0 -mxl-soft-mul -Wl,--no-relax -ffunction-sections -fdata-sections -MMD -MP -MF"src/main.d" -MT"src/main.o" -o "src/main.o" "../src/main.c"
In file included from ../src/main.c:2:0:
../src/main.c: In function 'uart_rx_empty':
../src/io_rw.h:10:43: error: unknown type name 'uint_32_t'
 #define io_read(base, offset) (*(volatile uint_32_t *)((base) + (4*(offset))))
                                           ^
../src/main.c:9:9: note: in expansion of macro 'io_read'
src/subdir.mk:21: recipe for target 'src/main.o' failed
  return io_read(UART_BASE, 0) & (1<<8);
         ^~~~~~~
../src/io_rw.h:12:42: error: 'mmmio_base' undeclared (first use in this function)
 #define get_slot_addr(mmio_base, slot) ((mmmio_base) + ((slot)*32*4))
                                          ^
../src/io_rw.h:10:57: note: in definition of macro 'io_read'
 #define io_read(base, offset) (*(volatile uint_32_t *)((base) + (4*(offset))))
                                                         ^~~~
../src/main.c:5:19: note: in expansion of macro 'get_slot_addr'
 #define UART_BASE get_slot_addr(BRIDGE_BASE, S1_UART)
                   ^~~~~~~~~~~~~
../src/main.c:9:17: note: in expansion of macro 'UART_BASE'
  return io_read(UART_BASE, 0) & (1<<8);
                 ^~~~~~~~~
../src/io_rw.h:12:42: note: each undeclared identifier is reported only once for each function it appears in
 #define get_slot_addr(mmio_base, slot) ((mmmio_base) + ((slot)*32*4))
                                          ^
../src/io_rw.h:10:57: note: in definition of macro 'io_read'
 #define io_read(base, offset) (*(volatile uint_32_t *)((base) + (4*(offset))))
                                                         ^~~~
../src/main.c:5:19: note: in expansion of macro 'get_slot_addr'
 #define UART_BASE get_slot_addr(BRIDGE_BASE, S1_UART)
                   ^~~~~~~~~~~~~
../src/main.c:9:17: note: in expansion of macro 'UART_BASE'
  return io_read(UART_BASE, 0) & (1<<8);
                 ^~~~~~~~~
../src/main.c:10:1: warning: control reaches end of non-void function [-Wreturn-type]
 }
 ^
make: *** [src/main.o] Error 1
22:07:34 **** Auto Build of configuration Debug for project vanila_test ****
make all 
Building file: ../src/main.c
Invoking: MicroBlaze gcc compiler
mb-gcc -Wall -O0 -g3 -c -fmessage-length=0 -MT"src/main.o" -I../../vanila_test_bsp/microblaze_I/include -mno-xl-reorder -mlittle-endian -mcpu=v10.0 -mxl-soft-mul -Wl,--no-relax -ffunction-sections -fdata-sections -MMD -MP -MF"src/main.d" -MT"src/main.o" -o "src/main.o" "../src/main.c"
In file included from ../src/main.c:2:0:
../src/main.c: In function 'uart_rx_empty':
../src/io_rw.h:10:43: error: unknown type name 'uint_32_t'
 #define io_read(base, offset) (*(volatile uint_32_t *)((base) + (4*(offset))))
                                           ^
../src/main.c:9:9: note: in expansion of macro 'io_read'
  return io_read(UART_BASE, 0) & (1<<8);
         ^~~~~~~
../src/io_rw.h:12:42: error: 'mmmio_base' undeclared (first use in this function)
 #define get_slot_addr(mmio_base, slot) ((mmmio_base) + ((slot)*32*4))
                                          ^
../src/io_rw.h:10:57: note: in definition of macro 'io_read'
 #define io_read(base, offset) (*(volatile uint_32_t *)((base) + (4*(offset))))
                                                         ^~~~
../src/main.c:5:19: note: in expansion of macro 'get_slot_addr'
 #define UART_BASE get_slot_addr(BRIDGE_BASE, S1_UART)
                   ^~~~~~~~~~~~~
../src/main.c:9:17: note: in expansion of macro 'UART_BASE'
  return io_read(UART_BASE, 0) & (1<<8);
                 ^~~~~~~~~
../src/io_rw.h:12:42: note: each undeclared identifier is reported only once for each function it appears in
 #define get_slot_addr(mmio_base, slot) ((mmmio_base) + ((slot)*32*4))
                                          ^
../src/io_rw.h:10:57: note: in definition of macro 'io_read'
 #define io_read(base, offset) (*(volatile uint_32_t *)((base) + (4*(offset))))
                                                         ^~~~
../src/main.c:5:19: note: in expansion of macro 'get_slot_addr'
 #define UART_BASE get_slot_addr(BRIDGE_BASE, S1_UART)
                   ^~~~~~~~~~~~~
../src/main.c:9:17: note: in expansion of macro 'UART_BASE'
  return io_read(UART_BASE, 0) & (1<<8);
                 ^~~~~~~~~
../src/main.c:10:1: warning: control reaches end of non-void function [-Wreturn-type]
 }
 ^
src/subdir.mk:21: recipe for target 'src/main.o' failed
make: *** [src/main.o] Error 1
22:08:01 **** Auto Build of configuration Debug for project vanila_test ****
make all 
Building file: ../src/main.c
Invoking: MicroBlaze gcc compiler
mb-gcc -Wall -O0 -g3 -c -fmessage-length=0 -MT"src/main.o" -I../../vanila_test_bsp/microblaze_I/include -mno-xl-reorder -mlittle-endian -mcpu=v10.0 -mxl-soft-mul -Wl,--no-relax -ffunction-sections -fdata-sections -MMD -MP -MF"src/main.d" -MT"src/main.o" -o "src/main.o" "../src/main.c"
In file included from ../src/main.c:2:0:
../src/main.c: In function 'uart_rx_empty':
../src/io_rw.h:10:43: error: unknown type name 'uint_32_t'
src/subdir.mk:21: recipe for target 'src/main.o' failed
 #define io_read(base, offset) (*(volatile uint_32_t *)((base) + (4*(offset))))
                                           ^
../src/main.c:9:9: note: in expansion of macro 'io_read'
  return io_read(UART_BASE, 0) & (1<<8);
         ^~~~~~~
../src/io_rw.h:12:42: error: 'mmmio_base' undeclared (first use in this function)
 #define get_slot_addr(mmio_base, slot) ((mmmio_base) + ((slot)*32*4))
                                          ^
../src/io_rw.h:10:57: note: in definition of macro 'io_read'
 #define io_read(base, offset) (*(volatile uint_32_t *)((base) + (4*(offset))))
                                                         ^~~~
../src/main.c:5:19: note: in expansion of macro 'get_slot_addr'
 #define UART_BASE get_slot_addr(BRIDGE_BASE, S1_UART)
                   ^~~~~~~~~~~~~
../src/main.c:9:17: note: in expansion of macro 'UART_BASE'
  return io_read(UART_BASE, 0) & (1<<8);
                 ^~~~~~~~~
../src/io_rw.h:12:42: note: each undeclared identifier is reported only once for each function it appears in
 #define get_slot_addr(mmio_base, slot) ((mmmio_base) + ((slot)*32*4))
                                          ^
../src/io_rw.h:10:57: note: in definition of macro 'io_read'
 #define io_read(base, offset) (*(volatile uint_32_t *)((base) + (4*(offset))))
                                                         ^~~~
../src/main.c:5:19: note: in expansion of macro 'get_slot_addr'
 #define UART_BASE get_slot_addr(BRIDGE_BASE, S1_UART)
                   ^~~~~~~~~~~~~
../src/main.c:9:17: note: in expansion of macro 'UART_BASE'
  return io_read(UART_BASE, 0) & (1<<8);
                 ^~~~~~~~~
../src/main.c:10:1: warning: control reaches end of non-void function [-Wreturn-type]
 }
 ^
make: *** [src/main.o] Error 1
22:08:22 **** Auto Build of configuration Debug for project vanila_test ****
make all 
Building file: ../src/main.c
Invoking: MicroBlaze gcc compiler
mb-gcc -Wall -O0 -g3 -c -fmessage-length=0 -MT"src/main.o" -I../../vanila_test_bsp/microblaze_I/include -mno-xl-reorder -mlittle-endian -mcpu=v10.0 -mxl-soft-mul -Wl,--no-relax -ffunction-sections -fdata-sections -MMD -MP -MF"src/main.d" -MT"src/main.o" -o "src/main.o" "../src/main.c"
In file included from ../src/main.c:2:0:
../src/main.c: In function 'uart_rx_empty':
../src/io_rw.h:10:43: error: unknown type name 'uint_32_t'
 #define io_read(base, offset) (*(volatile uint_32_t *)((base) + (4*(offset))))
                                           ^
../src/main.c:9:9: note: in expansion of macro 'io_read'
  return io_read(UART_BASE, 0) & (1<<8);
         ^~~~~~~
../src/main.c:10:1: warning: control reaches end of non-void function [-Wreturn-type]
 }
 ^
make: *** [src/main.o] Error 1
src/subdir.mk:21: recipe for target 'src/main.o' failed
22:08:33 **** Auto Build of configuration Debug for project vanila_test ****
make all 
Building file: ../src/main.c
Invoking: MicroBlaze gcc compiler
mb-gcc -Wall -O0 -g3 -c -fmessage-length=0 -MT"src/main.o" -I../../vanila_test_bsp/microblaze_I/include -mno-xl-reorder -mlittle-endian -mcpu=v10.0 -mxl-soft-mul -Wl,--no-relax -ffunction-sections -fdata-sections -MMD -MP -MF"src/main.d" -MT"src/main.o" -o "src/main.o" "../src/main.c"
Finished building: ../src/main.c
 
Building target: vanila_test.elf
Invoking: MicroBlaze gcc linker
mb-gcc -Wl,-T -Wl,../src/lscript.ld -L../../vanila_test_bsp/microblaze_I/lib -mlittle-endian -mcpu=v10.0 -mxl-soft-mul -Wl,--no-relax -Wl,--gc-sections -o "vanila_test.elf"  ./src/main.o   -Wl,--start-group,-lxil,-lgcc,-lc,--end-group
Finished building target: vanila_test.elf
 
Invoking: MicroBlaze Print Size
mb-size vanila_test.elf  |tee "vanila_test.elf.size"
   text	   data	    bss	    dec	    hex	filename
   1968	    268	   3108	   5344	   14e0	vanila_test.elf
Finished building: vanila_test.elf.size
 
22:08:50 **** Auto Build of configuration Debug for project vanila_test ****
make all 
Building file: ../src/main.c
Invoking: MicroBlaze gcc compiler
mb-gcc -Wall -O0 -g3 -c -fmessage-length=0 -MT"src/main.o" -I../../vanila_test_bsp/microblaze_I/include -mno-xl-reorder -mlittle-endian -mcpu=v10.0 -mxl-soft-mul -Wl,--no-relax -ffunction-sections -fdata-sections -MMD -MP -MF"src/main.d" -MT"src/main.o" -o "src/main.o" "../src/main.c"
Finished building: ../src/main.c
 
Building target: vanila_test.elf
Invoking: MicroBlaze gcc linker
mb-gcc -Wl,-T -Wl,../src/lscript.ld -L../../vanila_test_bsp/microblaze_I/lib -mlittle-endian -mcpu=v10.0 -mxl-soft-mul -Wl,--no-relax -Wl,--gc-sections -o "vanila_test.elf"  ./src/main.o   -Wl,--start-group,-lxil,-lgcc,-lc,--end-group
Finished building target: vanila_test.elf
 
Invoking: MicroBlaze Print Size
mb-size vanila_test.elf  |tee "vanila_test.elf.size"
   text	   data	    bss	    dec	    hex	filename
   2040	    268	   3108	   5416	   1528	vanila_test.elf
Finished building: vanila_test.elf.size
 
22:08:53 **** Auto Build of configuration Debug for project vanila_test ****
make all 
Building file: ../src/main.c
Invoking: MicroBlaze gcc compiler
mb-gcc -Wall -O0 -g3 -c -fmessage-length=0 -MT"src/main.o" -I../../vanila_test_bsp/microblaze_I/include -mno-xl-reorder -mlittle-endian -mcpu=v10.0 -mxl-soft-mul -Wl,--no-relax -ffunction-sections -fdata-sections -MMD -MP -MF"src/main.d" -MT"src/main.o" -o "src/main.o" "../src/main.c"
Finished building: ../src/main.c
 
Building target: vanila_test.elf
Invoking: MicroBlaze gcc linker
mb-gcc -Wl,-T -Wl,../src/lscript.ld -L../../vanila_test_bsp/microblaze_I/lib -mlittle-endian -mcpu=v10.0 -mxl-soft-mul -Wl,--no-relax -Wl,--gc-sections -o "vanila_test.elf"  ./src/main.o   -Wl,--start-group,-lxil,-lgcc,-lc,--end-group
Finished building target: vanila_test.elf
 
Invoking: MicroBlaze Print Size
mb-size vanila_test.elf  |tee "vanila_test.elf.size"
   text	   data	    bss	    dec	    hex	filename
   2040	    268	   3108	   5416	   1528	vanila_test.elf
Finished building: vanila_test.elf.size
 
22:09:07 **** Auto Build of configuration Debug for project vanila_test ****
make all 
Building file: ../src/main.c
Invoking: MicroBlaze gcc compiler
mb-gcc -Wall -O0 -g3 -c -fmessage-length=0 -MT"src/main.o" -I../../vanila_test_bsp/microblaze_I/include -mno-xl-reorder -mlittle-endian -mcpu=v10.0 -mxl-soft-mul -Wl,--no-relax -ffunction-sections -fdata-sections -MMD -MP -MF"src/main.d" -MT"src/main.o" -o "src/main.o" "../src/main.c"
Finished building: ../src/main.c
 
Building target: vanila_test.elf
Invoking: MicroBlaze gcc linker
mb-gcc -Wl,-T -Wl,../src/lscript.ld -L../../vanila_test_bsp/microblaze_I/lib -mlittle-endian -mcpu=v10.0 -mxl-soft-mul -Wl,--no-relax -Wl,--gc-sections -o "vanila_test.elf"  ./src/main.o   -Wl,--start-group,-lxil,-lgcc,-lc,--end-group
Finished building target: vanila_test.elf
 
Invoking: MicroBlaze Print Size
mb-size vanila_test.elf  |tee "vanila_test.elf.size"
   text	   data	    bss	    dec	    hex	filename
   2040	    268	   3108	   5416	   1528	vanila_test.elf
Finished building: vanila_test.elf.size
 
22:09:33 **** Auto Build of configuration Debug for project vanila_test ****
make all 
Building file: ../src/main.c
Invoking: MicroBlaze gcc compiler
mb-gcc -Wall -O0 -g3 -c -fmessage-length=0 -MT"src/main.o" -I../../vanila_test_bsp/microblaze_I/include -mno-xl-reorder -mlittle-endian -mcpu=v10.0 -mxl-soft-mul -Wl,--no-relax -ffunction-sections -fdata-sections -MMD -MP -MF"src/main.d" -MT"src/main.o" -o "src/main.o" "../src/main.c"
../src/main.c: In function 'uart_write':
../src/main.c:15:1: warning: control reaches end of non-void function [-Wreturn-type]
 }
 ^
Finished building: ../src/main.c
 
Building target: vanila_test.elf
Invoking: MicroBlaze gcc linker
mb-gcc -Wl,-T -Wl,../src/lscript.ld -L../../vanila_test_bsp/microblaze_I/lib -mlittle-endian -mcpu=v10.0 -mxl-soft-mul -Wl,--no-relax -Wl,--gc-sections -o "vanila_test.elf"  ./src/main.o   -Wl,--start-group,-lxil,-lgcc,-lc,--end-group
Finished building target: vanila_test.elf
 
Invoking: MicroBlaze Print Size
mb-size vanila_test.elf  |tee "vanila_test.elf.size"
   text	   data	    bss	    dec	    hex	filename
   2040	    268	   3108	   5416	   1528	vanila_test.elf
Finished building: vanila_test.elf.size
 
22:09:57 **** Auto Build of configuration Debug for project vanila_test ****
make all 
Building file: ../src/main.c
Invoking: MicroBlaze gcc compiler
mb-gcc -Wall -O0 -g3 -c -fmessage-length=0 -MT"src/main.o" -I../../vanila_test_bsp/microblaze_I/include -mno-xl-reorder -mlittle-endian -mcpu=v10.0 -mxl-soft-mul -Wl,--no-relax -ffunction-sections -fdata-sections -MMD -MP -MF"src/main.d" -MT"src/main.o" -o "src/main.o" "../src/main.c"
../src/main.c: In function 'uart_write':
../src/main.c:20:1: warning: control reaches end of non-void function [-Wreturn-type]
 }
 ^
Finished building: ../src/main.c
 
Building target: vanila_test.elf
Invoking: MicroBlaze gcc linker
mb-gcc -Wl,-T -Wl,../src/lscript.ld -L../../vanila_test_bsp/microblaze_I/lib -mlittle-endian -mcpu=v10.0 -mxl-soft-mul -Wl,--no-relax -Wl,--gc-sections -o "vanila_test.elf"  ./src/main.o   -Wl,--start-group,-lxil,-lgcc,-lc,--end-group
Finished building target: vanila_test.elf
 
Invoking: MicroBlaze Print Size
mb-size vanila_test.elf  |tee "vanila_test.elf.size"
   text	   data	    bss	    dec	    hex	filename
   2040	    268	   3108	   5416	   1528	vanila_test.elf
Finished building: vanila_test.elf.size
 
22:10:06 **** Auto Build of configuration Debug for project vanila_test ****
make all 
Building file: ../src/main.c
Invoking: MicroBlaze gcc compiler
mb-gcc -Wall -O0 -g3 -c -fmessage-length=0 -MT"src/main.o" -I../../vanila_test_bsp/microblaze_I/include -mno-xl-reorder -mlittle-endian -mcpu=v10.0 -mxl-soft-mul -Wl,--no-relax -ffunction-sections -fdata-sections -MMD -MP -MF"src/main.d" -MT"src/main.o" -o "src/main.o" "../src/main.c"
../src/main.c: In function 'uart_write':
../src/main.c:20:1: warning: control reaches end of non-void function [-Wreturn-type]
 }
 ^
Finished building: ../src/main.c
 
Building target: vanila_test.elf
Invoking: MicroBlaze gcc linker
mb-gcc -Wl,-T -Wl,../src/lscript.ld -L../../vanila_test_bsp/microblaze_I/lib -mlittle-endian -mcpu=v10.0 -mxl-soft-mul -Wl,--no-relax -Wl,--gc-sections -o "vanila_test.elf"  ./src/main.o   -Wl,--start-group,-lxil,-lgcc,-lc,--end-group
Finished building target: vanila_test.elf
 
Invoking: MicroBlaze Print Size
mb-size vanila_test.elf  |tee "vanila_test.elf.size"
   text	   data	    bss	    dec	    hex	filename
   2040	    268	   3108	   5416	   1528	vanila_test.elf
Finished building: vanila_test.elf.size
 
22:10:14 **** Auto Build of configuration Debug for project vanila_test ****
make all 
Building file: ../src/main.c
Invoking: MicroBlaze gcc compiler
mb-gcc -Wall -O0 -g3 -c -fmessage-length=0 -MT"src/main.o" -I../../vanila_test_bsp/microblaze_I/include -mno-xl-reorder -mlittle-endian -mcpu=v10.0 -mxl-soft-mul -Wl,--no-relax -ffunction-sections -fdata-sections -MMD -MP -MF"src/main.d" -MT"src/main.o" -o "src/main.o" "../src/main.c"
../src/main.c: In function 'uart_write':
../src/main.c:20:1: warning: control reaches end of non-void function [-Wreturn-type]
 }
 ^
Finished building: ../src/main.c
 
Building target: vanila_test.elf
Invoking: MicroBlaze gcc linker
mb-gcc -Wl,-T -Wl,../src/lscript.ld -L../../vanila_test_bsp/microblaze_I/lib -mlittle-endian -mcpu=v10.0 -mxl-soft-mul -Wl,--no-relax -Wl,--gc-sections -o "vanila_test.elf"  ./src/main.o   -Wl,--start-group,-lxil,-lgcc,-lc,--end-group
Finished building target: vanila_test.elf
 
Invoking: MicroBlaze Print Size
mb-size vanila_test.elf  |tee "vanila_test.elf.size"
   text	   data	    bss	    dec	    hex	filename
   2040	    268	   3108	   5416	   1528	vanila_test.elf
Finished building: vanila_test.elf.size
 
22:10:33 **** Auto Build of configuration Debug for project vanila_test ****
make all 
Building file: ../src/main.c
Invoking: MicroBlaze gcc compiler
mb-gcc -Wall -O0 -g3 -c -fmessage-length=0 -MT"src/main.o" -I../../vanila_test_bsp/microblaze_I/include -mno-xl-reorder -mlittle-endian -mcpu=v10.0 -mxl-soft-mul -Wl,--no-relax -ffunction-sections -fdata-sections -MMD -MP -MF"src/main.d" -MT"src/main.o" -o "src/main.o" "../src/main.c"
../src/main.c: In function 'uart_read':
../src/main.c:14:25: warning: value computed is not used [-Wunused-value]
   io_read(UART_BASE, 0) & (1<<8);
                          
../src/main.c: In function 'uart_write':
../src/main.c:21:1: warning: control reaches end of non-void function [-Wreturn-type]
 }
 ^
Finished building: ../src/main.c
 
Building target: vanila_test.elf
Invoking: MicroBlaze gcc linker
mb-gcc -Wl,-T -Wl,../src/lscript.ld -L../../vanila_test_bsp/microblaze_I/lib -mlittle-endian -mcpu=v10.0 -mxl-soft-mul -Wl,--no-relax -Wl,--gc-sections -o "vanila_test.elf"  ./src/main.o   -Wl,--start-group,-lxil,-lgcc,-lc,--end-group
Finished building target: vanila_test.elf
 
Invoking: MicroBlaze Print Size
mb-size vanila_test.elf  |tee "vanila_test.elf.size"
   text	   data	    bss	    dec	    hex	filename
   2040	    268	   3108	   5416	   1528	vanila_test.elf
Finished building: vanila_test.elf.size
 
22:10:36 **** Auto Build of configuration Debug for project vanila_test ****
make all 
Building file: ../src/main.c
Invoking: MicroBlaze gcc compiler
mb-gcc -Wall -O0 -g3 -c -fmessage-length=0 -MT"src/main.o" -I../../vanila_test_bsp/microblaze_I/include -mno-xl-reorder -mlittle-endian -mcpu=v10.0 -mxl-soft-mul -Wl,--no-relax -ffunction-sections -fdata-sections -MMD -MP -MF"src/main.d" -MT"src/main.o" -o "src/main.o" "../src/main.c"
../src/main.c: In function 'uart_read':
../src/main.c:14:24: warning: value computed is not used [-Wunused-value]
  io_read(UART_BASE, 0) & (1<<8);
                         
../src/main.c: In function 'uart_write':
../src/main.c:21:1: warning: control reaches end of non-void function [-Wreturn-type]
 }
 ^
Finished building: ../src/main.c
 
Building target: vanila_test.elf
Invoking: MicroBlaze gcc linker
mb-gcc -Wl,-T -Wl,../src/lscript.ld -L../../vanila_test_bsp/microblaze_I/lib -mlittle-endian -mcpu=v10.0 -mxl-soft-mul -Wl,--no-relax -Wl,--gc-sections -o "vanila_test.elf"  ./src/main.o   -Wl,--start-group,-lxil,-lgcc,-lc,--end-group
Finished building target: vanila_test.elf
 
Invoking: MicroBlaze Print Size
mb-size vanila_test.elf  |tee "vanila_test.elf.size"
   text	   data	    bss	    dec	    hex	filename
   2040	    268	   3108	   5416	   1528	vanila_test.elf
Finished building: vanila_test.elf.size
 
22:10:38 **** Auto Build of configuration Debug for project vanila_test ****
make all 
Building file: ../src/main.c
Invoking: MicroBlaze gcc compiler
mb-gcc -Wall -O0 -g3 -c -fmessage-length=0 -MT"src/main.o" -I../../vanila_test_bsp/microblaze_I/include -mno-xl-reorder -mlittle-endian -mcpu=v10.0 -mxl-soft-mul -Wl,--no-relax -ffunction-sections -fdata-sections -MMD -MP -MF"src/main.d" -MT"src/main.o" -o "src/main.o" "../src/main.c"
../src/main.c: In function 'uart_read':
../src/main.c:14:24: warning: value computed is not used [-Wunused-value]
  io_read(UART_BASE, 0) & (1<<8);
                         
../src/main.c:16:1: warning: control reaches end of non-void function [-Wreturn-type]
 }
 ^
../src/main.c: In function 'uart_write':
../src/main.c:21:1: warning: control reaches end of non-void function [-Wreturn-type]
 }
 ^
Finished building: ../src/main.c
 
Building target: vanila_test.elf
Invoking: MicroBlaze gcc linker
mb-gcc -Wl,-T -Wl,../src/lscript.ld -L../../vanila_test_bsp/microblaze_I/lib -mlittle-endian -mcpu=v10.0 -mxl-soft-mul -Wl,--no-relax -Wl,--gc-sections -o "vanila_test.elf"  ./src/main.o   -Wl,--start-group,-lxil,-lgcc,-lc,--end-group
Finished building target: vanila_test.elf
 
Invoking: MicroBlaze Print Size
mb-size vanila_test.elf  |tee "vanila_test.elf.size"
   text	   data	    bss	    dec	    hex	filename
   2040	    268	   3108	   5416	   1528	vanila_test.elf
Finished building: vanila_test.elf.size
 
22:10:40 **** Auto Build of configuration Debug for project vanila_test ****
make all 
Building file: ../src/main.c
Invoking: MicroBlaze gcc compiler
mb-gcc -Wall -O0 -g3 -c -fmessage-length=0 -MT"src/main.o" -I../../vanila_test_bsp/microblaze_I/include -mno-xl-reorder -mlittle-endian -mcpu=v10.0 -mxl-soft-mul -Wl,--no-relax -ffunction-sections -fdata-sections -MMD -MP -MF"src/main.d" -MT"src/main.o" -o "src/main.o" "../src/main.c"
../src/main.c: In function 'uart_read':
../src/main.c:14:24: warning: value computed is not used [-Wunused-value]
  io_read(UART_BASE, 0) & (1<<8);
                         
../src/main.c:16:1: warning: control reaches end of non-void function [-Wreturn-type]
 }
 ^
../src/main.c: In function 'uart_write':
../src/main.c:21:1: warning: control reaches end of non-void function [-Wreturn-type]
 }
 ^
Finished building: ../src/main.c
 
Building target: vanila_test.elf
Invoking: MicroBlaze gcc linker
mb-gcc -Wl,-T -Wl,../src/lscript.ld -L../../vanila_test_bsp/microblaze_I/lib -mlittle-endian -mcpu=v10.0 -mxl-soft-mul -Wl,--no-relax -Wl,--gc-sections -o "vanila_test.elf"  ./src/main.o   -Wl,--start-group,-lxil,-lgcc,-lc,--end-group
Finished building target: vanila_test.elf
 
Invoking: MicroBlaze Print Size
mb-size vanila_test.elf  |tee "vanila_test.elf.size"
   text	   data	    bss	    dec	    hex	filename
   2040	    268	   3108	   5416	   1528	vanila_test.elf
Finished building: vanila_test.elf.size
 
22:10:45 **** Auto Build of configuration Debug for project vanila_test ****
make all 
Building file: ../src/main.c
Invoking: MicroBlaze gcc compiler
mb-gcc -Wall -O0 -g3 -c -fmessage-length=0 -MT"src/main.o" -I../../vanila_test_bsp/microblaze_I/include -mno-xl-reorder -mlittle-endian -mcpu=v10.0 -mxl-soft-mul -Wl,--no-relax -ffunction-sections -fdata-sections -MMD -MP -MF"src/main.d" -MT"src/main.o" -o "src/main.o" "../src/main.c"
../src/main.c: In function 'uart_read':
../src/main.c:14:24: warning: value computed is not used [-Wunused-value]
  io_read(UART_BASE, 0) & (1<<8);
                         
../src/main.c:16:1: warning: control reaches end of non-void function [-Wreturn-type]
 }
 ^
../src/main.c: In function 'uart_write':
../src/main.c:21:1: warning: control reaches end of non-void function [-Wreturn-type]
 }
 ^
Finished building: ../src/main.c
 
Building target: vanila_test.elf
Invoking: MicroBlaze gcc linker
mb-gcc -Wl,-T -Wl,../src/lscript.ld -L../../vanila_test_bsp/microblaze_I/lib -mlittle-endian -mcpu=v10.0 -mxl-soft-mul -Wl,--no-relax -Wl,--gc-sections -o "vanila_test.elf"  ./src/main.o   -Wl,--start-group,-lxil,-lgcc,-lc,--end-group
Finished building target: vanila_test.elf
 
Invoking: MicroBlaze Print Size
mb-size vanila_test.elf  |tee "vanila_test.elf.size"
   text	   data	    bss	    dec	    hex	filename
   2040	    268	   3108	   5416	   1528	vanila_test.elf
Finished building: vanila_test.elf.size
 
22:10:57 **** Auto Build of configuration Debug for project vanila_test ****
make all 
Building file: ../src/main.c
Invoking: MicroBlaze gcc compiler
mb-gcc -Wall -O0 -g3 -c -fmessage-length=0 -MT"src/main.o" -I../../vanila_test_bsp/microblaze_I/include -mno-xl-reorder -mlittle-endian -mcpu=v10.0 -mxl-soft-mul -Wl,--no-relax -ffunction-sections -fdata-sections -MMD -MP -MF"src/main.d" -MT"src/main.o" -o "src/main.o" "../src/main.c"
../src/main.c: In function 'uart_read':
../src/main.c:14:2: warning: value computed is not used [-Wunused-value]
  (char)io_read(UART_BASE, 0);
   
../src/main.c:16:1: warning: control reaches end of non-void function [-Wreturn-type]
 }
 ^
../src/main.c: In function 'uart_write':
../src/main.c:21:1: warning: control reaches end of non-void function [-Wreturn-type]
 }
 ^
Finished building: ../src/main.c
 
Building target: vanila_test.elf
Invoking: MicroBlaze gcc linker
mb-gcc -Wl,-T -Wl,../src/lscript.ld -L../../vanila_test_bsp/microblaze_I/lib -mlittle-endian -mcpu=v10.0 -mxl-soft-mul -Wl,--no-relax -Wl,--gc-sections -o "vanila_test.elf"  ./src/main.o   -Wl,--start-group,-lxil,-lgcc,-lc,--end-group
Finished building target: vanila_test.elf
 
Invoking: MicroBlaze Print Size
mb-size vanila_test.elf  |tee "vanila_test.elf.size"
   text	   data	    bss	    dec	    hex	filename
   2040	    268	   3108	   5416	   1528	vanila_test.elf
Finished building: vanila_test.elf.size
 
22:11:25 **** Auto Build of configuration Debug for project vanila_test ****
make all 
Building file: ../src/main.c
Invoking: MicroBlaze gcc compiler
mb-gcc -Wall -O0 -g3 -c -fmessage-length=0 -MT"src/main.o" -I../../vanila_test_bsp/microblaze_I/include -mno-xl-reorder -mlittle-endian -mcpu=v10.0 -mxl-soft-mul -Wl,--no-relax -ffunction-sections -fdata-sections -MMD -MP -MF"src/main.d" -MT"src/main.o" -o "src/main.o" "../src/main.c"
../src/main.c: In function 'uart_write':
../src/main.c:22:1: warning: control reaches end of non-void function [-Wreturn-type]
 }
 ^
Finished building: ../src/main.c
 
Building target: vanila_test.elf
Invoking: MicroBlaze gcc linker
mb-gcc -Wl,-T -Wl,../src/lscript.ld -L../../vanila_test_bsp/microblaze_I/lib -mlittle-endian -mcpu=v10.0 -mxl-soft-mul -Wl,--no-relax -Wl,--gc-sections -o "vanila_test.elf"  ./src/main.o   -Wl,--start-group,-lxil,-lgcc,-lc,--end-group
Finished building target: vanila_test.elf
 
Invoking: MicroBlaze Print Size
mb-size vanila_test.elf  |tee "vanila_test.elf.size"
   text	   data	    bss	    dec	    hex	filename
   2040	    268	   3108	   5416	   1528	vanila_test.elf
Finished building: vanila_test.elf.size
 
22:11:45 **** Auto Build of configuration Debug for project vanila_test ****
make all 
Building file: ../src/main.c
Invoking: MicroBlaze gcc compiler
mb-gcc -Wall -O0 -g3 -c -fmessage-length=0 -MT"src/main.o" -I../../vanila_test_bsp/microblaze_I/include -mno-xl-reorder -mlittle-endian -mcpu=v10.0 -mxl-soft-mul -Wl,--no-relax -ffunction-sections -fdata-sections -MMD -MP -MF"src/main.d" -MT"src/main.o" -o "src/main.o" "../src/main.c"
../src/main.c:24:5: error: conflicting types for 'uart_write'
 int uart_write(char c)
     ^~~~~~~~~~
../src/main.c:19:6: note: previous definition of 'uart_write' was here
 void uart_write()
      ^~~~~~~~~~
../src/main.c: In function 'uart_write':
../src/main.c:27:1: warning: control reaches end of non-void function [-Wreturn-type]
 }
 ^
src/subdir.mk:21: recipe for target 'src/main.o' failed
make: *** [src/main.o] Error 1
22:11:47 **** Auto Build of configuration Debug for project vanila_test ****
make all 
Building file: ../src/main.c
Invoking: MicroBlaze gcc compiler
mb-gcc -Wall -O0 -g3 -c -fmessage-length=0 -MT"src/main.o" -I../../vanila_test_bsp/microblaze_I/include -mno-xl-reorder -mlittle-endian -mcpu=v10.0 -mxl-soft-mul -Wl,--no-relax -ffunction-sections -fdata-sections -MMD -MP -MF"src/main.d" -MT"src/main.o" -o "src/main.o" "../src/main.c"
../src/main.c:24:5: error: conflicting types for 'uart_write'
 int uart_write(char c)
     ^~~~~~~~~~
../src/main.c:19:6: note: previous definition of 'uart_write' was here
 void uart_write()
      ^~~~~~~~~~
../src/main.c: In function 'uart_write':
../src/main.c:27:1: warning: control reaches end of non-void function [-Wreturn-type]
src/subdir.mk:21: recipe for target 'src/main.o' failed
 }
 ^
make: *** [src/main.o] Error 1
22:12:00 **** Auto Build of configuration Debug for project vanila_test ****
make all 
Building file: ../src/main.c
Invoking: MicroBlaze gcc compiler
mb-gcc -Wall -O0 -g3 -c -fmessage-length=0 -MT"src/main.o" -I../../vanila_test_bsp/microblaze_I/include -mno-xl-reorder -mlittle-endian -mcpu=v10.0 -mxl-soft-mul -Wl,--no-relax -ffunction-sections -fdata-sections -MMD -MP -MF"src/main.d" -MT"src/main.o" -o "src/main.o" "../src/main.c"
Finished building: ../src/main.c
 
Building target: vanila_test.elf
Invoking: MicroBlaze gcc linker
mb-gcc -Wl,-T -Wl,../src/lscript.ld -L../../vanila_test_bsp/microblaze_I/lib -mlittle-endian -mcpu=v10.0 -mxl-soft-mul -Wl,--no-relax -Wl,--gc-sections -o "vanila_test.elf"  ./src/main.o   -Wl,--start-group,-lxil,-lgcc,-lc,--end-group
Finished building target: vanila_test.elf
 
Invoking: MicroBlaze Print Size
mb-size vanila_test.elf  |tee "vanila_test.elf.size"
   text	   data	    bss	    dec	    hex	filename
   2040	    268	   3108	   5416	   1528	vanila_test.elf
Finished building: vanila_test.elf.size
 
22:12:15 **** Auto Build of configuration Debug for project vanila_test ****
make all 
Building file: ../src/main.c
Invoking: MicroBlaze gcc compiler
mb-gcc -Wall -O0 -g3 -c -fmessage-length=0 -MT"src/main.o" -I../../vanila_test_bsp/microblaze_I/include -mno-xl-reorder -mlittle-endian -mcpu=v10.0 -mxl-soft-mul -Wl,--no-relax -ffunction-sections -fdata-sections -MMD -MP -MF"src/main.d" -MT"src/main.o" -o "src/main.o" "../src/main.c"
../src/main.c: In function 'main':
../src/main.c:29:3: warning: this 'while' clause does not guard... [-Wmisleading-indentation]
   while(uart_rx_empty());
   ^~~~~
../src/main.c:30:4: note: ...this statement, but the latter is misleadingly indented as if it is guarded by the 'while'
    = uart_read();
    ^
../src/main.c:30:4: error: expected expression before '=' token
../src/main.c:27:7: warning: unused variable 'c' [-Wunused-variable]
  char c;
       ^
src/subdir.mk:21: recipe for target 'src/main.o' failed
make: *** [src/main.o] Error 1
22:12:22 **** Auto Build of configuration Debug for project vanila_test ****
make all 
Building file: ../src/main.c
Invoking: MicroBlaze gcc compiler
mb-gcc -Wall -O0 -g3 -c -fmessage-length=0 -MT"src/main.o" -I../../vanila_test_bsp/microblaze_I/include -mno-xl-reorder -mlittle-endian -mcpu=v10.0 -mxl-soft-mul -Wl,--no-relax -ffunction-sections -fdata-sections -MMD -MP -MF"src/main.d" -MT"src/main.o" -o "src/main.o" "../src/main.c"
../src/main.c: In function 'main':
../src/main.c:29:3: warning: this 'while' clause does not guard... [-Wmisleading-indentation]
   while(uart_rx_empty());
   ^~~~~
../src/main.c:30:4: note: ...this statement, but the latter is misleadingly indented as if it is guarded by the 'while'
    c = uart_read();
    ^
Finished building: ../src/main.c
 
Building target: vanila_test.elf
Invoking: MicroBlaze gcc linker
mb-gcc -Wl,-T -Wl,../src/lscript.ld -L../../vanila_test_bsp/microblaze_I/lib -mlittle-endian -mcpu=v10.0 -mxl-soft-mul -Wl,--no-relax -Wl,--gc-sections -o "vanila_test.elf"  ./src/main.o   -Wl,--start-group,-lxil,-lgcc,-lc,--end-group
Finished building target: vanila_test.elf
 
Invoking: MicroBlaze Print Size
mb-size vanila_test.elf  |tee "vanila_test.elf.size"
   text	   data	    bss	    dec	    hex	filename
   2212	    268	   3112	   5592	   15d8	vanila_test.elf
Finished building: vanila_test.elf.size
 
22:12:31 **** Auto Build of configuration Debug for project vanila_test ****
make all 
Building file: ../src/main.c
Invoking: MicroBlaze gcc compiler
mb-gcc -Wall -O0 -g3 -c -fmessage-length=0 -MT"src/main.o" -I../../vanila_test_bsp/microblaze_I/include -mno-xl-reorder -mlittle-endian -mcpu=v10.0 -mxl-soft-mul -Wl,--no-relax -ffunction-sections -fdata-sections -MMD -MP -MF"src/main.d" -MT"src/main.o" -o "src/main.o" "../src/main.c"
Finished building: ../src/main.c
 
Building target: vanila_test.elf
Invoking: MicroBlaze gcc linker
mb-gcc -Wl,-T -Wl,../src/lscript.ld -L../../vanila_test_bsp/microblaze_I/lib -mlittle-endian -mcpu=v10.0 -mxl-soft-mul -Wl,--no-relax -Wl,--gc-sections -o "vanila_test.elf"  ./src/main.o   -Wl,--start-group,-lxil,-lgcc,-lc,--end-group
Finished building target: vanila_test.elf
 
Invoking: MicroBlaze Print Size
mb-size vanila_test.elf  |tee "vanila_test.elf.size"
   text	   data	    bss	    dec	    hex	filename
   2212	    268	   3112	   5592	   15d8	vanila_test.elf
Finished building: vanila_test.elf.size
 
22:12:47 **** Auto Build of configuration Debug for project vanila_test ****
make all 
Building file: ../src/main.c
Invoking: MicroBlaze gcc compiler
mb-gcc -Wall -O0 -g3 -c -fmessage-length=0 -MT"src/main.o" -I../../vanila_test_bsp/microblaze_I/include -mno-xl-reorder -mlittle-endian -mcpu=v10.0 -mxl-soft-mul -Wl,--no-relax -ffunction-sections -fdata-sections -MMD -MP -MF"src/main.d" -MT"src/main.o" -o "src/main.o" "../src/main.c"
Finished building: ../src/main.c
 
Building target: vanila_test.elf
Invoking: MicroBlaze gcc linker
mb-gcc -Wl,-T -Wl,../src/lscript.ld -L../../vanila_test_bsp/microblaze_I/lib -mlittle-endian -mcpu=v10.0 -mxl-soft-mul -Wl,--no-relax -Wl,--gc-sections -o "vanila_test.elf"  ./src/main.o   -Wl,--start-group,-lxil,-lgcc,-lc,--end-group
Finished building target: vanila_test.elf
 
Invoking: MicroBlaze Print Size
mb-size vanila_test.elf  |tee "vanila_test.elf.size"
   text	   data	    bss	    dec	    hex	filename
   2212	    268	   3112	   5592	   15d8	vanila_test.elf
Finished building: vanila_test.elf.size
 
22:13:52 **** Incremental Build of configuration Debug for project vanila_test ****
make all 
make: Nothing to be done for 'all'.
22:14:19 **** Incremental Build of configuration Debug for project vanila_test ****
make all 
make: Nothing to be done for 'all'.
22:14:33 **** Incremental Build of configuration Debug for project vanila_test ****
make all 
make: Nothing to be done for 'all'.
22:14:55 **** Incremental Build of configuration Debug for project vanila_test ****
make all 
make: Nothing to be done for 'all'.
22:16:29 **** Incremental Build of configuration Debug for project vanila_test ****
make all 
make: Nothing to be done for 'all'.
12:44:14 **** Build of project vanila_tester_bsp ****
make -k all 
Running Make include in microblaze_I/libsrc/cpu_v2_6/src
make -C microblaze_I/libsrc/cpu_v2_6/src -s include  "SHELL=/bin/sh" "COMPILER=mb-gcc" "ARCHIVER=mb-ar" "COMPILER_FLAGS= -O2 -c -mcpu=v10.0 -mlittle-endian -mno-xl-reorder -mxl-soft-mul" "EXTRA_COMPILER_FLAGS=-ffunction-sections -fdata-sections -Wall -Wextra"
Running Make include in microblaze_I/libsrc/standalone_v6_4/src
make -C microblaze_I/libsrc/standalone_v6_4/src -s include  "SHELL=/bin/sh" "COMPILER=mb-gcc" "ARCHIVER=mb-ar" "COMPILER_FLAGS= -O2 -c -mcpu=v10.0 -mlittle-endian -mno-xl-reorder -mxl-soft-mul" "EXTRA_COMPILER_FLAGS=-ffunction-sections -fdata-sections -Wall -Wextra"
Running Make include in microblaze_I/libsrc/bram_v4_2/src
make -C microblaze_I/libsrc/bram_v4_2/src -s include  "SHELL=/bin/sh" "COMPILER=mb-gcc" "ARCHIVER=mb-ar" "COMPILER_FLAGS= -O2 -c -mcpu=v10.0 -mlittle-endian -mno-xl-reorder -mxl-soft-mul" "EXTRA_COMPILER_FLAGS=-ffunction-sections -fdata-sections -Wall -Wextra"
Running Make include in microblaze_I/libsrc/iomodule_v2_5/src
make -C microblaze_I/libsrc/iomodule_v2_5/src -s include  "SHELL=/bin/sh" "COMPILER=mb-gcc" "ARCHIVER=mb-ar" "COMPILER_FLAGS= -O2 -c -mcpu=v10.0 -mlittle-endian -mno-xl-reorder -mxl-soft-mul" "EXTRA_COMPILER_FLAGS=-ffunction-sections -fdata-sections -Wall -Wextra"
Running Make libs in microblaze_I/libsrc/cpu_v2_6/src
make -C microblaze_I/libsrc/cpu_v2_6/src -s libs  "SHELL=/bin/sh" "COMPILER=mb-gcc" "ARCHIVER=mb-ar" "COMPILER_FLAGS= -O2 -c -mcpu=v10.0 -mlittle-endian -mno-xl-reorder -mxl-soft-mul" "EXTRA_COMPILER_FLAGS=-ffunction-sections -fdata-sections -Wall -Wextra"
Compiling cpu
mb-ar: creating ../../../lib/libxil.a
Running Make libs in microblaze_I/libsrc/standalone_v6_4/src
make -C microblaze_I/libsrc/standalone_v6_4/src -s libs  "SHELL=/bin/sh" "COMPILER=mb-gcc" "ARCHIVER=mb-ar" "COMPILER_FLAGS= -O2 -c -mcpu=v10.0 -mlittle-endian -mno-xl-reorder -mxl-soft-mul" "EXTRA_COMPILER_FLAGS=-ffunction-sections -fdata-sections -Wall -Wextra"
Compiling standalone
Running Make libs in microblaze_I/libsrc/bram_v4_2/src
make -C microblaze_I/libsrc/bram_v4_2/src -s libs  "SHELL=/bin/sh" "COMPILER=mb-gcc" "ARCHIVER=mb-ar" "COMPILER_FLAGS= -O2 -c -mcpu=v10.0 -mlittle-endian -mno-xl-reorder -mxl-soft-mul" "EXTRA_COMPILER_FLAGS=-ffunction-sections -fdata-sections -Wall -Wextra"
Compiling bram
Running Make libs in microblaze_I/libsrc/iomodule_v2_5/src
make -C microblaze_I/libsrc/iomodule_v2_5/src -s libs  "SHELL=/bin/sh" "COMPILER=mb-gcc" "ARCHIVER=mb-ar" "COMPILER_FLAGS= -O2 -c -mcpu=v10.0 -mlittle-endian -mno-xl-reorder -mxl-soft-mul" "EXTRA_COMPILER_FLAGS=-ffunction-sections -fdata-sections -Wall -Wextra"
Compiling iomodule
xiomodule.c: In function 'XIOModule_Initialize':
xiomodule.c:170:18: warning: comparison is always false due to limited range of data type [-Wtype-limits]
  for (Id = 0; Id < XPAR_IOMODULE_INTC_MAX_INTR_SIZE; Id++) {
                  ^
xiomodule.c:216:19: warning: comparison is always false due to limited range of data type [-Wtype-limits]
   for (Id = 0; Id < XPAR_IOMODULE_INTC_MAX_INTR_SIZE; Id++) {
                   ^
In file included from ../../../include/xstatus.h:55:0,
                 from xiomodule.h:265,
                 from xiomodule.c:60:
xiomodule.c: In function 'XIOModule_Connect':
xiomodule.c:344:23: warning: comparison is always false due to limited range of data type [-Wtype-limits]
  Xil_AssertNonvoid(Id < XPAR_IOMODULE_INTC_MAX_INTR_SIZE);
                       ^
../../../include/xil_assert.h:132:9: note: in definition of macro 'Xil_AssertNonvoid'
     if (Expression) {                              \
         ^~~~~~~~~~
xiomodule.c: In function 'XIOModule_Disconnect':
xiomodule.c:384:20: warning: comparison is always false due to limited range of data type [-Wtype-limits]
  Xil_AssertVoid(Id < XPAR_IOMODULE_INTC_MAX_INTR_SIZE);
                    ^
../../../include/xil_assert.h:107:9: note: in definition of macro 'Xil_AssertVoid'
     if (Expression) {                              \
         ^~~~~~~~~~
xiomodule.c: In function 'XIOModule_Enable':
xiomodule.c:434:20: warning: comparison is always false due to limited range of data type [-Wtype-limits]
  Xil_AssertVoid(Id < XPAR_IOMODULE_INTC_MAX_INTR_SIZE);
                    ^
../../../include/xil_assert.h:107:9: note: in definition of macro 'Xil_AssertVoid'
     if (Expression) {                              \
         ^~~~~~~~~~
xiomodule.c: In function 'XIOModule_Disable':
xiomodule.c:480:20: warning: comparison is always false due to limited range of data type [-Wtype-limits]
  Xil_AssertVoid(Id < XPAR_IOMODULE_INTC_MAX_INTR_SIZE);
                    ^
../../../include/xil_assert.h:107:9: note: in definition of macro 'Xil_AssertVoid'
     if (Expression) {                              \
         ^~~~~~~~~~
xiomodule.c: In function 'XIOModule_Acknowledge':
xiomodule.c:524:20: warning: comparison is always false due to limited range of data type [-Wtype-limits]
  Xil_AssertVoid(Id < XPAR_IOMODULE_INTC_MAX_INTR_SIZE);
                    ^
../../../include/xil_assert.h:107:9: note: in definition of macro 'Xil_AssertVoid'
     if (Expression) {                              \
         ^~~~~~~~~~
xiomodule.c: In function 'XIOModule_ConnectFastHandler':
xiomodule.c:629:23: warning: comparison is always false due to limited range of data type [-Wtype-limits]
  Xil_AssertNonvoid(Id < XPAR_IOMODULE_INTC_MAX_INTR_SIZE);
                       ^
../../../include/xil_assert.h:132:9: note: in definition of macro 'Xil_AssertNonvoid'
     if (Expression) {                              \
         ^~~~~~~~~~
xiomodule.c: In function 'XIOModule_SetNormalIntrMode':
xiomodule.c:705:20: warning: comparison is always false due to limited range of data type [-Wtype-limits]
  Xil_AssertVoid(Id < XPAR_IOMODULE_INTC_MAX_INTR_SIZE);
                    ^
../../../include/xil_assert.h:107:9: note: in definition of macro 'Xil_AssertVoid'
     if (Expression) {                              \
         ^~~~~~~~~~
xiomodule_l.c: In function 'XIOModule_DeviceInterruptHandler':
xiomodule_l.c:168:35: warning: comparison of unsigned expression < 0 is always false [-Wtype-limits]
  for (IntrNumber = 0U; IntrNumber < XPAR_IOMODULE_INTC_MAX_INTR_SIZE;
                                   ^
xiomodule_l.c:153:15: warning: variable 'Register' set but not used [-Wunused-but-set-variable]
  volatile u32 Register;   /* used as bit bucket */
               ^~~~~~~~
Finished building libraries
12:44:16 **** Build of configuration Debug for project vanila_tester ****
make all 
Building file: ../src/helloworld.c
Invoking: MicroBlaze gcc compiler
mb-gcc -Wall -O0 -g3 -c -fmessage-length=0 -MT"src/helloworld.o" -I../../vanila_tester_bsp/microblaze_I/include -mno-xl-reorder -mlittle-endian -mcpu=v10.0 -mxl-soft-mul -Wl,--no-relax -ffunction-sections -fdata-sections -MMD -MP -MF"src/helloworld.d" -MT"src/helloworld.o" -o "src/helloworld.o" "../src/helloworld.c"
Finished building: ../src/helloworld.c
 
Building file: ../src/platform.c
Invoking: MicroBlaze gcc compiler
mb-gcc -Wall -O0 -g3 -c -fmessage-length=0 -MT"src/platform.o" -I../../vanila_tester_bsp/microblaze_I/include -mno-xl-reorder -mlittle-endian -mcpu=v10.0 -mxl-soft-mul -Wl,--no-relax -ffunction-sections -fdata-sections -MMD -MP -MF"src/platform.d" -MT"src/platform.o" -o "src/platform.o" "../src/platform.c"
Finished building: ../src/platform.c
 
Building target: vanila_tester.elf
Invoking: MicroBlaze gcc linker
mb-gcc -Wl,-T -Wl,../src/lscript.ld -L../../vanila_tester_bsp/microblaze_I/lib -mlittle-endian -mcpu=v10.0 -mxl-soft-mul -Wl,--no-relax -Wl,--gc-sections -o "vanila_tester.elf"  ./src/helloworld.o ./src/platform.o   -Wl,--start-group,-lxil,-lgcc,-lc,--end-group
Finished building target: vanila_tester.elf
 
Invoking: MicroBlaze Print Size
mb-size vanila_tester.elf  |tee "vanila_tester.elf.size"
   text	   data	    bss	    dec	    hex	filename
   2748	    268	   3112	   6128	   17f0	vanila_tester.elf
Finished building: vanila_tester.elf.size
 
12:45:53 **** Build of configuration Debug for project vanila_test ****
make all 
Building file: ../src/helloworld.c
Invoking: MicroBlaze gcc compiler
mb-gcc -Wall -O0 -g3 -c -fmessage-length=0 -MT"src/helloworld.o" -I../../vanila_tester_bsp/microblaze_I/include -mno-xl-reorder -mlittle-endian -mcpu=v10.0 -mxl-soft-mul -Wl,--no-relax -ffunction-sections -fdata-sections -MMD -MP -MF"src/helloworld.d" -MT"src/helloworld.o" -o "src/helloworld.o" "../src/helloworld.c"
Finished building: ../src/helloworld.c
 
Building file: ../src/platform.c
Invoking: MicroBlaze gcc compiler
mb-gcc -Wall -O0 -g3 -c -fmessage-length=0 -MT"src/platform.o" -I../../vanila_tester_bsp/microblaze_I/include -mno-xl-reorder -mlittle-endian -mcpu=v10.0 -mxl-soft-mul -Wl,--no-relax -ffunction-sections -fdata-sections -MMD -MP -MF"src/platform.d" -MT"src/platform.o" -o "src/platform.o" "../src/platform.c"
Finished building: ../src/platform.c
 
Building target: vanila_test.elf
Invoking: MicroBlaze gcc linker
mb-gcc -Wl,-T -Wl,../src/lscript.ld -L../../vanila_tester_bsp/microblaze_I/lib -mlittle-endian -mcpu=v10.0 -mxl-soft-mul -Wl,--no-relax -Wl,--gc-sections -o "vanila_test.elf"  ./src/helloworld.o ./src/platform.o   -Wl,--start-group,-lxil,-lgcc,-lc,--end-group
Finished building target: vanila_test.elf
 
Invoking: MicroBlaze Print Size
mb-size vanila_test.elf  |tee "vanila_test.elf.size"
   text	   data	    bss	    dec	    hex	filename
   2748	    268	   3112	   6128	   17f0	vanila_test.elf
Finished building: vanila_test.elf.size
 

**** Build of configuration Debug for project vanila_test ****

Nothing to build for project vanila_test
12:46:33 **** Auto Build of configuration Debug for project vanila_test ****
make all 
Building file: ../src/main.c
Invoking: MicroBlaze gcc compiler
mb-gcc -Wall -O0 -g3 -c -fmessage-length=0 -MT"src/main.o" -I../../vanila_tester_bsp/microblaze_I/include -mno-xl-reorder -mlittle-endian -mcpu=v10.0 -mxl-soft-mul -Wl,--no-relax -ffunction-sections -fdata-sections -MMD -MP -MF"src/main.d" -MT"src/main.o" -o "src/main.o" "../src/main.c"
Finished building: ../src/main.c
 
Building target: vanila_test.elf
Invoking: MicroBlaze gcc linker
mb-gcc -Wl,-T -Wl,../src/lscript.ld -L../../vanila_tester_bsp/microblaze_I/lib -mlittle-endian -mcpu=v10.0 -mxl-soft-mul -Wl,--no-relax -Wl,--gc-sections -o "vanila_test.elf"  ./src/main.o   -Wl,--start-group,-lxil,-lgcc,-lc,--end-group
/opt/Xilinx/SDK/2017.3/gnu/microblaze/lin/bin/../lib/gcc/microblaze-xilinx-elf/6.2.0/../../../../microblaze-xilinx-elf/lib/le/crtinit.o: In function `_crtinit':
(.text+0x78): undefined reference to `main'
collect2: error: ld returned 1 exit status
make: *** [vanila_test.elf] Error 1
makefile:36: recipe for target 'vanila_test.elf' failed
12:47:09 **** Auto Build of configuration Debug for project vanila_test ****
make all 
Building file: ../src/main.c
Invoking: MicroBlaze gcc compiler
mb-gcc -Wall -O0 -g3 -c -fmessage-length=0 -MT"src/main.o" -I../../vanila_tester_bsp/microblaze_I/include -mno-xl-reorder -mlittle-endian -mcpu=v10.0 -mxl-soft-mul -Wl,--no-relax -ffunction-sections -fdata-sections -MMD -MP -MF"src/main.d" -MT"src/main.o" -o "src/main.o" "../src/main.c"
Finished building: ../src/main.c
 
Building target: vanila_test.elf
Invoking: MicroBlaze gcc linker
mb-gcc -Wl,-T -Wl,../src/lscript.ld -L../../vanila_tester_bsp/microblaze_I/lib -mlittle-endian -mcpu=v10.0 -mxl-soft-mul -Wl,--no-relax -Wl,--gc-sections -o "vanila_test.elf"  ./src/main.o   -Wl,--start-group,-lxil,-lgcc,-lc,--end-group
Finished building target: vanila_test.elf
 
Invoking: MicroBlaze Print Size
mb-size vanila_test.elf  |tee "vanila_test.elf.size"
   text	   data	    bss	    dec	    hex	filename
   1968	    268	   3108	   5344	   14e0	vanila_test.elf
Finished building: vanila_test.elf.size
 
12:47:34 **** Auto Build of configuration Debug for project vanila_test ****
make all 
make: Nothing to be done for 'all'.
12:47:39 **** Auto Build of configuration Debug for project vanila_test ****
make all 
make: Nothing to be done for 'all'.
12:49:37 **** Auto Build of configuration Debug for project vanila_test ****
make all 
make: Nothing to be done for 'all'.
12:49:58 **** Auto Build of configuration Debug for project vanila_test ****
make all 
make: Nothing to be done for 'all'.
12:50:40 **** Auto Build of configuration Debug for project vanila_test ****
make all 
make: Nothing to be done for 'all'.
12:50:43 **** Auto Build of configuration Debug for project vanila_test ****
make all 
make: Nothing to be done for 'all'.
12:52:06 **** Auto Build of configuration Debug for project vanila_test ****
make all 
make: Nothing to be done for 'all'.
12:52:11 **** Auto Build of configuration Debug for project vanila_test ****
make all 
make: Nothing to be done for 'all'.
12:52:16 **** Auto Build of configuration Debug for project vanila_test ****
make all 
make: Nothing to be done for 'all'.
12:55:08 **** Auto Build of configuration Debug for project vanila_test ****
make all 
make: Nothing to be done for 'all'.
12:56:15 **** Auto Build of configuration Debug for project vanila_test ****
make all 
make: Nothing to be done for 'all'.
12:56:32 **** Auto Build of configuration Debug for project vanila_test ****
make all 
make: Nothing to be done for 'all'.
12:56:41 **** Auto Build of configuration Debug for project vanila_test ****
make all 
make: Nothing to be done for 'all'.
12:56:57 **** Auto Build of configuration Debug for project vanila_test ****
make all 
make: Nothing to be done for 'all'.
12:57:02 **** Auto Build of configuration Debug for project vanila_test ****
make all 
make: Nothing to be done for 'all'.
12:57:04 **** Auto Build of configuration Debug for project vanila_test ****
make all 
make: Nothing to be done for 'all'.
12:57:11 **** Auto Build of configuration Debug for project vanila_test ****
make all 
make: Nothing to be done for 'all'.
13:00:11 **** Auto Build of configuration Debug for project vanila_test ****
make all 
make: Nothing to be done for 'all'.
13:00:38 **** Auto Build of configuration Debug for project vanila_test ****
make all 
make: Nothing to be done for 'all'.
13:00:54 **** Auto Build of configuration Debug for project vanila_test ****
make all 
make: Nothing to be done for 'all'.
13:01:23 **** Auto Build of configuration Debug for project vanila_test ****
make all 
make: Nothing to be done for 'all'.
13:01:26 **** Auto Build of configuration Debug for project vanila_test ****
make all 
make: Nothing to be done for 'all'.
13:02:21 **** Auto Build of configuration Debug for project vanila_test ****
make all 
Building file: ../src/main.c
Invoking: MicroBlaze gcc compiler
mb-gcc -Wall -O0 -g3 -c -fmessage-length=0 -MT"src/main.o" -I../../vanila_tester_bsp/microblaze_I/include -mno-xl-reorder -mlittle-endian -mcpu=v10.0 -mxl-soft-mul -Wl,--no-relax -ffunction-sections -fdata-sections -MMD -MP -MF"src/main.d" -MT"src/main.o" -o "src/main.o" "../src/main.c"
In file included from ../src/main.c:1:0:
../src/uart.h:16:1: warning: useless storage class specifier in empty declaration
 };
 ^
../src/uart.h:22:1: warning: useless storage class specifier in empty declaration
 };
 ^
In file included from ../src/uart.h:1:0,
                 from ../src/main.c:1:
../src/uart.h: In function 'rx_empty':
../src/io_rw.h:10:43: error: unknown type name 'uint_32_t'
src/subdir.mk:21: recipe for target 'src/main.o' failed
 #define io_read(base, offset) (*(volatile uint_32_t *))((base) + (4*(offset)))
                                           ^
../src/uart.h:27:12: note: in expansion of macro 'io_read'
  rd_word = io_read(uart_base, rd_data_reg);
            ^~~~~~~
../src/io_rw.h:10:55: error: expected expression before ')' token
 #define io_read(base, offset) (*(volatile uint_32_t *))((base) + (4*(offset)))
                                                       ^
../src/uart.h:27:12: note: in expansion of macro 'io_read'
  rd_word = io_read(uart_base, rd_data_reg);
            ^~~~~~~
../src/uart.h: In function 'tx_full':
../src/io_rw.h:10:43: error: unknown type name 'uint_32_t'
 #define io_read(base, offset) (*(volatile uint_32_t *))((base) + (4*(offset)))
                                           ^
../src/uart.h:34:12: note: in expansion of macro 'io_read'
  rd_word = io_read(uart_base, rd_data_reg);
            ^~~~~~~
../src/io_rw.h:10:55: error: expected expression before ')' token
 #define io_read(base, offset) (*(volatile uint_32_t *))((base) + (4*(offset)))
                                                       ^
../src/uart.h:34:12: note: in expansion of macro 'io_read'
  rd_word = io_read(uart_base, rd_data_reg);
            ^~~~~~~
../src/uart.h: In function 'write_byte':
../src/io_rw.h:11:50: error: unknown type name 'uint_32_t'
 #define io_write(base, offset, data) (*(volatile uint_32_t *)((base) +(4*(offset))) = data)
                                                  ^
../src/uart.h:41:2: note: in expansion of macro 'io_write'
  io_write(uart_base, wr_data_reg, c);
  ^~~~~~~~
../src/uart.h: In function 'read_byte':
../src/io_rw.h:10:43: error: unknown type name 'uint_32_t'
 #define io_read(base, offset) (*(volatile uint_32_t *))((base) + (4*(offset)))
                                           ^
../src/uart.h:48:14: note: in expansion of macro 'io_read'
  int data =  io_read(uart_base, rd_data_reg)&data_field;
              ^~~~~~~
../src/io_rw.h:10:55: error: expected expression before ')' token
 #define io_read(base, offset) (*(volatile uint_32_t *))((base) + (4*(offset)))
                                                       ^
../src/uart.h:48:14: note: in expansion of macro 'io_read'
  int data =  io_read(uart_base, rd_data_reg)&data_field;
              ^~~~~~~
../src/io_rw.h:11:50: error: unknown type name 'uint_32_t'
 #define io_write(base, offset, data) (*(volatile uint_32_t *)((base) +(4*(offset))) = data)
                                                  ^
../src/uart.h:49:2: note: in expansion of macro 'io_write'
  io_write(uart_base, rx_rd_data_reg, 0);
  ^~~~~~~~
make: *** [src/main.o] Error 1
13:02:54 **** Auto Build of configuration Debug for project vanila_test ****
make all 
Building file: ../src/main.c
Invoking: MicroBlaze gcc compiler
mb-gcc -Wall -O0 -g3 -c -fmessage-length=0 -MT"src/main.o" -I../../vanila_tester_bsp/microblaze_I/include -mno-xl-reorder -mlittle-endian -mcpu=v10.0 -mxl-soft-mul -Wl,--no-relax -ffunction-sections -fdata-sections -MMD -MP -MF"src/main.d" -MT"src/main.o" -o "src/main.o" "../src/main.c"
In file included from ../src/main.c:1:0:
../src/uart.h:16:1: warning: useless storage class specifier in empty declaration
 };
 ^
../src/uart.h:22:1: warning: useless storage class specifier in empty declaration
 };
 ^
In file included from ../src/uart.h:1:0,
                 from ../src/main.c:1:
../src/uart.h: In function 'rx_empty':
../src/io_rw.h:10:43: error: unknown type name 'uint_32_t'
 #define io_read(base, offset) (*(volatile uint_32_t *)((base) + (4*(offset))))
                                           ^
../src/uart.h:27:12: note: in expansion of macro 'io_read'
  rd_word = io_read(uart_base, rd_data_reg);
src/subdir.mk:21: recipe for target 'src/main.o' failed
            ^~~~~~~
../src/uart.h: In function 'tx_full':
../src/io_rw.h:10:43: error: unknown type name 'uint_32_t'
 #define io_read(base, offset) (*(volatile uint_32_t *)((base) + (4*(offset))))
                                           ^
../src/uart.h:34:12: note: in expansion of macro 'io_read'
  rd_word = io_read(uart_base, rd_data_reg);
            ^~~~~~~
../src/uart.h: In function 'write_byte':
../src/io_rw.h:11:50: error: unknown type name 'uint_32_t'
 #define io_write(base, offset, data) (*(volatile uint_32_t *)((base) +(4*(offset))) = data)
                                                  ^
../src/uart.h:41:2: note: in expansion of macro 'io_write'
  io_write(uart_base, wr_data_reg, c);
  ^~~~~~~~
../src/uart.h: In function 'read_byte':
../src/io_rw.h:10:43: error: unknown type name 'uint_32_t'
 #define io_read(base, offset) (*(volatile uint_32_t *)((base) + (4*(offset))))
                                           ^
../src/uart.h:48:14: note: in expansion of macro 'io_read'
  int data =  io_read(uart_base, rd_data_reg)&data_field;
              ^~~~~~~
../src/io_rw.h:11:50: error: unknown type name 'uint_32_t'
 #define io_write(base, offset, data) (*(volatile uint_32_t *)((base) +(4*(offset))) = data)
                                                  ^
../src/uart.h:49:2: note: in expansion of macro 'io_write'
  io_write(uart_base, rx_rd_data_reg, 0);
  ^~~~~~~~
make: *** [src/main.o] Error 1
13:03:40 **** Auto Build of configuration Debug for project vanila_test ****
make all 
Building file: ../src/main.c
Invoking: MicroBlaze gcc compiler
mb-gcc -Wall -O0 -g3 -c -fmessage-length=0 -MT"src/main.o" -I../../vanila_tester_bsp/microblaze_I/include -mno-xl-reorder -mlittle-endian -mcpu=v10.0 -mxl-soft-mul -Wl,--no-relax -ffunction-sections -fdata-sections -MMD -MP -MF"src/main.d" -MT"src/main.o" -o "src/main.o" "../src/main.c"
In file included from ../src/main.c:1:0:
../src/uart.h:16:1: warning: useless storage class specifier in empty declaration
 };
 ^
../src/uart.h:22:1: warning: useless storage class specifier in empty declaration
 };
 ^
In file included from ../src/uart.h:1:0,
                 from ../src/main.c:1:
../src/uart.h: In function 'rx_empty':
../src/io_rw.h:10:43: error: unknown type name 'uint_32_t'
src/subdir.mk:21: recipe for target 'src/main.o' failed
 #define io_read(base, offset) (*(volatile uint_32_t *)((base) + (4*(offset))))
                                           ^
../src/uart.h:27:12: note: in expansion of macro 'io_read'
  rd_word = io_read(uart_base, rd_data_reg);
            ^~~~~~~
../src/uart.h: In function 'tx_full':
../src/io_rw.h:10:43: error: unknown type name 'uint_32_t'
 #define io_read(base, offset) (*(volatile uint_32_t *)((base) + (4*(offset))))
                                           ^
../src/uart.h:34:12: note: in expansion of macro 'io_read'
  rd_word = io_read(uart_base, rd_data_reg);
            ^~~~~~~
../src/uart.h: In function 'write_byte':
../src/io_rw.h:11:50: error: unknown type name 'uint_32_t'
 #define io_write(base, offset, data) (*(volatile uint_32_t *)((base) +(4*(offset))) = data)
                                                  ^
../src/uart.h:41:2: note: in expansion of macro 'io_write'
  io_write(uart_base, wr_data_reg, c);
  ^~~~~~~~
../src/uart.h: In function 'read_byte':
../src/io_rw.h:10:43: error: unknown type name 'uint_32_t'
 #define io_read(base, offset) (*(volatile uint_32_t *)((base) + (4*(offset))))
                                           ^
../src/uart.h:48:14: note: in expansion of macro 'io_read'
  int data =  io_read(uart_base, rd_data_reg)&data_field;
              ^~~~~~~
../src/io_rw.h:11:50: error: unknown type name 'uint_32_t'
 #define io_write(base, offset, data) (*(volatile uint_32_t *)((base) +(4*(offset))) = data)
                                                  ^
../src/uart.h:49:2: note: in expansion of macro 'io_write'
  io_write(uart_base, rx_rd_data_reg, 0);
  ^~~~~~~~
make: *** [src/main.o] Error 1
13:03:51 **** Auto Build of configuration Debug for project vanila_test ****
make all 
Building file: ../src/main.c
Invoking: MicroBlaze gcc compiler
mb-gcc -Wall -O0 -g3 -c -fmessage-length=0 -MT"src/main.o" -I../../vanila_tester_bsp/microblaze_I/include -mno-xl-reorder -mlittle-endian -mcpu=v10.0 -mxl-soft-mul -Wl,--no-relax -ffunction-sections -fdata-sections -MMD -MP -MF"src/main.d" -MT"src/main.o" -o "src/main.o" "../src/main.c"
In file included from ../src/main.c:1:0:
../src/uart.h:16:1: warning: useless storage class specifier in empty declaration
 };
 ^
../src/uart.h:22:1: warning: useless storage class specifier in empty declaration
 };
 ^
Finished building: ../src/main.c
 
Building target: vanila_test.elf
Invoking: MicroBlaze gcc linker
mb-gcc -Wl,-T -Wl,../src/lscript.ld -L../../vanila_tester_bsp/microblaze_I/lib -mlittle-endian -mcpu=v10.0 -mxl-soft-mul -Wl,--no-relax -Wl,--gc-sections -o "vanila_test.elf"  ./src/main.o   -Wl,--start-group,-lxil,-lgcc,-lc,--end-group
Finished building target: vanila_test.elf
 
Invoking: MicroBlaze Print Size
mb-size vanila_test.elf  |tee "vanila_test.elf.size"
   text	   data	    bss	    dec	    hex	filename
   2340	    268	   3112	   5720	   1658	vanila_test.elf
Finished building: vanila_test.elf.size
 
13:04:52 **** Incremental Build of configuration Debug for project vanila_test ****
make all 
make: Nothing to be done for 'all'.
13:05:02 **** Incremental Build of configuration Debug for project vanila_test ****
make all 
make: Nothing to be done for 'all'.
13:33:26 **** Auto Build of configuration Debug for project vanila_test ****
make all 
Building file: ../src/main.c
Invoking: MicroBlaze gcc compiler
mb-gcc -Wall -O0 -g3 -c -fmessage-length=0 -MT"src/main.o" -I../../vanila_tester_bsp/microblaze_I/include -mno-xl-reorder -mlittle-endian -mcpu=v10.0 -mxl-soft-mul -Wl,--no-relax -ffunction-sections -fdata-sections -MMD -MP -MF"src/main.d" -MT"src/main.o" -o "src/main.o" "../src/main.c"
In file included from ../src/main.c:1:0:
../src/uart.h:16:1: warning: useless storage class specifier in empty declaration
 };
 ^
../src/uart.h:22:1: warning: useless storage class specifier in empty declaration
 };
 ^
../src/main.c:2:17: fatal error: gpo.h: No such file or directory
 #include "gpo.h"
                 ^
compilation terminated.
src/subdir.mk:21: recipe for target 'src/main.o' failed
make: *** [src/main.o] Error 1
13:33:38 **** Auto Build of configuration Debug for project vanila_test ****
make all 
Building file: ../src/main.c
Invoking: MicroBlaze gcc compiler
[...]
         ^
../src/uart.h:83:42: note: in definition of macro 'DEBUG'
 #define DEBUG(...) sprintf(print_buffer, __VA_ARGS__); uart_print(print_buffer)
                                          ^~~~~~~~~~~
../src/main.c:20:9: warning: format '%d' expects argument of type 'int', but argument 4 has type 'uint32_t {aka long unsigned int}' [-Wformat=]
   DEBUG("CMD %d %d %d\n", rto_time.upper, rto_time.lower, cmd);
         ^
../src/uart.h:83:42: note: in definition of macro 'DEBUG'
 #define DEBUG(...) sprintf(print_buffer, __VA_ARGS__); uart_print(print_buffer)
                                          ^~~~~~~~~~~
../src/main.c:20:9: warning: format '%d' expects argument of type 'int', but argument 5 has type 'uint32_t {aka long unsigned int}' [-Wformat=]
   DEBUG("CMD %d %d %d\n", rto_time.upper, rto_time.lower, cmd);
         ^
../src/uart.h:83:42: note: in definition of macro 'DEBUG'
 #define DEBUG(...) sprintf(print_buffer, __VA_ARGS__); uart_print(print_buffer)
                                          ^~~~~~~~~~~
../src/main.c: In function 'interact':
../src/main.c:32:10: warning: format '%d' expects argument of type 'int', but argument 3 has type 'uint32_t {aka long unsigned int}' [-Wformat=]
    DEBUG("%d\n", get_buffer_status());
          ^
../src/uart.h:83:42: note: in definition of macro 'DEBUG'
 #define DEBUG(...) sprintf(print_buffer, __VA_ARGS__); uart_print(print_buffer)
                                          ^~~~~~~~~~~
../src/main.c:35:10: warning: format '%d' expects argument of type 'int', but argument 3 has type 'uint32_t {aka long unsigned int}' [-Wformat=]
    DEBUG("%d %d\n", rto_time.upper, rto_time.lower);
          ^
../src/uart.h:83:42: note: in definition of macro 'DEBUG'
 #define DEBUG(...) sprintf(print_buffer, __VA_ARGS__); uart_print(print_buffer)
                                          ^~~~~~~~~~~
../src/main.c:35:10: warning: format '%d' expects argument of type 'int', but argument 4 has type 'uint32_t {aka long unsigned int}' [-Wformat=]
    DEBUG("%d %d\n", rto_time.upper, rto_time.lower);
          ^
../src/uart.h:83:42: note: in definition of macro 'DEBUG'
 #define DEBUG(...) sprintf(print_buffer, __VA_ARGS__); uart_print(print_buffer)
                                          ^~~~~~~~~~~
../src/main.c:36:10: warning: format '%d' expects argument of type 'int', but argument 3 has type 'uint32_t {aka long unsigned int}' [-Wformat=]
    DEBUG("%d\n", get_head_cmd());
          ^
../src/uart.h:83:42: note: in definition of macro 'DEBUG'
 #define DEBUG(...) sprintf(print_buffer, __VA_ARGS__); uart_print(print_buffer)
                                          ^~~~~~~~~~~
../src/main.c: In function 'main':
../src/main.c:42:8: warning: format '%d' expects argument of type 'int', but argument 3 has type 'uint32_t {aka long unsigned int}' [-Wformat=]
  DEBUG("%d\n", get_buffer_status());
        ^
../src/uart.h:83:42: note: in definition of macro 'DEBUG'
 #define DEBUG(...) sprintf(print_buffer, __VA_ARGS__); uart_print(print_buffer)
                                          ^~~~~~~~~~~
../src/main.c:47:9: warning: format '%d' expects argument of type 'int', but argument 3 has type 'uint32_t {aka long unsigned int}' [-Wformat=]
   DEBUG("%d\n", get_buffer_status());
         ^
../src/uart.h:83:42: note: in definition of macro 'DEBUG'
 #define DEBUG(...) sprintf(print_buffer, __VA_ARGS__); uart_print(print_buffer)
                                          ^~~~~~~~~~~
Finished building: ../src/main.c
 
Building target: vanila_test.elf
Invoking: MicroBlaze gcc linker
mb-gcc -Wl,-T -Wl,../src/lscript.ld -L../../vanila_tester_bsp/microblaze_I/lib -mlittle-endian -mcpu=v10.0 -mxl-soft-mul -Wl,--no-relax -Wl,--gc-sections -o "vanila_test.elf"  ./src/main.o   -Wl,--start-group,-lxil,-lgcc,-lc,--end-group
Finished building target: vanila_test.elf
 
Invoking: MicroBlaze Print Size
mb-size vanila_test.elf  |tee "vanila_test.elf.size"
   text	   data	    bss	    dec	    hex	filename
  79936	   1436	   3452	  84824	  14b58	vanila_test.elf
Finished building: vanila_test.elf.size
 
22:32:59 **** Auto Build of configuration Debug for project vanila_test ****
make all 
Building file: ../src/main.c
Invoking: MicroBlaze gcc compiler
mb-gcc -Wall -O0 -g3 -c -fmessage-length=0 -MT"src/main.o" -mno-xl-reorder -mlittle-endian -mcpu=v10.0 -mxl-soft-mul -Wl,--no-relax -ffunction-sections -fdata-sections -MMD -MP -MF"src/main.d" -MT"src/main.o" -o "src/main.o" "../src/main.c"
In file included from ../src/main.c:2:0:
../src/uart.h:18:1: warning: useless storage class specifier in empty declaration
 };
 ^
../src/uart.h:24:1: warning: useless storage class specifier in empty declaration
 };
 ^
../src/main.c: In function 'get_cmd':
../src/main.c:15:8: warning: format '%d' expects argument of type 'int', but argument 3 has type 'uint32_t {aka long unsigned int}' [-Wformat=]
  DEBUG("LEN:%d\n",len);
        ^
../src/uart.h:83:42: note: in definition of macro 'DEBUG'
 #define DEBUG(...) sprintf(print_buffer, __VA_ARGS__); uart_print(print_buffer)
                                          ^~~~~~~~~~~
../src/main.c:20:9: warning: format '%d' expects argument of type 'int', but argument 3 has type 'uint32_t {aka long unsigned int}' [-Wformat=]
   DEBUG("CMD %d %d %d\n", rto_time.upper, rto_time.lower, cmd);
         ^
../src/uart.h:83:42: note: in definition of macro 'DEBUG'
 #define DEBUG(...) sprintf(print_buffer, __VA_ARGS__); uart_print(print_buffer)
                                          ^~~~~~~~~~~
../src/main.c:20:9: warning: format '%d' expects argument of type 'int', but argument 4 has type 'uint32_t {aka long unsigned int}' [-Wformat=]
   DEBUG("CMD %d %d %d\n", rto_time.upper, rto_time.lower, cmd);
         ^
../src/uart.h:83:42: note: in definition of macro 'DEBUG'
 #define DEBUG(...) sprintf(print_buffer, __VA_ARGS__); uart_print(print_buffer)
                                          ^~~~~~~~~~~
../src/main.c:20:9: warning: format '%d' expects argument of type 'int', but argument 5 has type 'uint32_t {aka long unsigned int}' [-Wformat=]
   DEBUG("CMD %d %d %d\n", rto_time.upper, rto_time.lower, cmd);
         ^
../src/uart.h:83:42: note: in definition of macro 'DEBUG'
 #define DEBUG(...) sprintf(print_buffer, __VA_ARGS__); uart_print(print_buffer)
                                          ^~~~~~~~~~~
../src/main.c: In function 'interact':
../src/main.c:32:10: warning: format '%d' expects argument of type 'int', but argument 3 has type 'uint32_t {aka long unsigned int}' [-Wformat=]
    DEBUG("%d\n", get_buffer_status());
          ^
../src/uart.h:83:42: note: in definition of macro 'DEBUG'
 #define DEBUG(...) sprintf(print_buffer, __VA_ARGS__); uart_print(print_buffer)
                                          ^~~~~~~~~~~
../src/main.c:35:10: warning: format '%d' expects argument of type 'int', but argument 3 has type 'uint32_t {aka long unsigned int}' [-Wformat=]
    DEBUG("%d %d\n", rto_time.upper, rto_time.lower);
          ^
../src/uart.h:83:42: note: in definition of macro 'DEBUG'
 #define DEBUG(...) sprintf(print_buffer, __VA_ARGS__); uart_print(print_buffer)
                                          ^~~~~~~~~~~
../src/main.c:35:10: warning: format '%d' expects argument of type 'int', but argument 4 has type 'uint32_t {aka long unsigned int}' [-Wformat=]
    DEBUG("%d %d\n", rto_time.upper, rto_time.lower);
          ^
../src/uart.h:83:42: note: in definition of macro 'DEBUG'
 #define DEBUG(...) sprintf(print_buffer, __VA_ARGS__); uart_print(print_buffer)
                                          ^~~~~~~~~~~
../src/main.c:36:10: warning: format '%d' expects argument of type 'int', but argument 3 has type 'uint32_t {aka long unsigned int}' [-Wformat=]
    DEBUG("%d\n", get_head_cmd());
          ^
../src/uart.h:83:42: note: in definition of macro 'DEBUG'
 #define DEBUG(...) sprintf(print_buffer, __VA_ARGS__); uart_print(print_buffer)
                                          ^~~~~~~~~~~
../src/main.c: In function 'main':
../src/main.c:42:8: warning: format '%d' expects argument of type 'int', but argument 3 has type 'uint32_t {aka long unsigned int}' [-Wformat=]
  DEBUG("%d\n", get_buffer_status());
        ^
../src/uart.h:83:42: note: in definition of macro 'DEBUG'
 #define DEBUG(...) sprintf(print_buffer, __VA_ARGS__); uart_print(print_buffer)
                                          ^~~~~~~~~~~
../src/main.c:47:9: warning: format '%d' expects argument of type 'int', but argument 3 has type 'uint32_t {aka long unsigned int}' [-Wformat=]
   DEBUG("%d\n", get_buffer_status());
         ^
../src/uart.h:83:42: note: in definition of macro 'DEBUG'
 #define DEBUG(...) sprintf(print_buffer, __VA_ARGS__); uart_print(print_buffer)
                                          ^~~~~~~~~~~
Finished building: ../src/main.c
 
Building target: vanila_test.elf
Invoking: MicroBlaze gcc linker
mb-gcc -Wl,-T -Wl,../src/lscript.ld -L../../vanila_tester_bsp/microblaze_I/lib -mlittle-endian -mcpu=v10.0 -mxl-soft-mul -Wl,--no-relax -Wl,--gc-sections -o "vanila_test.elf"  ./src/main.o   -Wl,--start-group,-lxil,-lgcc,-lc,--end-group
Finished building target: vanila_test.elf
 
Invoking: MicroBlaze Print Size
mb-size vanila_test.elf  |tee "vanila_test.elf.size"
   text	   data	    bss	    dec	    hex	filename
  79936	   1436	   3452	  84824	  14b58	vanila_test.elf
Finished building: vanila_test.elf.size
 
22:33:10 **** Auto Build of configuration Debug for project vanila_test ****
make all 
Building file: ../src/main.c
Invoking: MicroBlaze gcc compiler
mb-gcc -Wall -O0 -g3 -c -fmessage-length=0 -MT"src/main.o" -mno-xl-reorder -mlittle-endian -mcpu=v10.0 -mxl-soft-mul -Wl,--no-relax -ffunction-sections -fdata-sections -MMD -MP -MF"src/main.d" -MT"src/main.o" -o "src/main.o" "../src/main.c"
In file included from ../src/main.c:2:0:
../src/uart.h:18:1: warning: useless storage class specifier in empty declaration
 };
 ^
../src/uart.h:24:1: warning: useless storage class specifier in empty declaration
 };
 ^
../src/main.c: In function 'get_cmd':
../src/main.c:15:8: warning: format '%d' expects argument of type 'int', but argument 3 has type 'uint32_t {aka long unsigned int}' [-Wformat=]
  DEBUG("LEN:%d\n",len);
        ^
../src/uart.h:83:42: note: in definition of macro 'DEBUG'
 #define DEBUG(...) sprintf(print_buffer, __VA_ARGS__); uart_print(print_buffer)
                                          ^~~~~~~~~~~
../src/main.c:20:9: warning: format '%d' expects argument of type 'int', but argument 3 has type 'uint32_t {aka long unsigned int}' [-Wformat=]
   DEBUG("CMD %d %d %d\n", rto_time.upper, rto_time.lower, cmd);
         ^
../src/uart.h:83:42: note: in definition of macro 'DEBUG'
 #define DEBUG(...) sprintf(print_buffer, __VA_ARGS__); uart_print(print_buffer)
                                          ^~~~~~~~~~~
../src/main.c:20:9: warning: format '%d' expects argument of type 'int', but argument 4 has type 'uint32_t {aka long unsigned int}' [-Wformat=]
   DEBUG("CMD %d %d %d\n", rto_time.upper, rto_time.lower, cmd);
         ^
../src/uart.h:83:42: note: in definition of macro 'DEBUG'
 #define DEBUG(...) sprintf(print_buffer, __VA_ARGS__); uart_print(print_buffer)
                                          ^~~~~~~~~~~
../src/main.c:20:9: warning: format '%d' expects argument of type 'int', but argument 5 has type 'uint32_t {aka long unsigned int}' [-Wformat=]
   DEBUG("CMD %d %d %d\n", rto_time.upper, rto_time.lower, cmd);
         ^
../src/uart.h:83:42: note: in definition of macro 'DEBUG'
 #define DEBUG(...) sprintf(print_buffer, __VA_ARGS__); uart_print(print_buffer)
                                          ^~~~~~~~~~~
../src/main.c: In function 'interact':
../src/main.c:32:10: warning: format '%d' expects argument of type 'int', but argument 3 has type 'uint32_t {aka long unsigned int}' [-Wformat=]
    DEBUG("%d\n", get_buffer_status());
          ^
../src/uart.h:83:42: note: in definition of macro 'DEBUG'
 #define DEBUG(...) sprintf(print_buffer, __VA_ARGS__); uart_print(print_buffer)
                                          ^~~~~~~~~~~
../src/main.c:35:10: warning: format '%d' expects argument of type 'int', but argument 3 has type 'uint32_t {aka long unsigned int}' [-Wformat=]
    DEBUG("%d %d\n", rto_time.upper, rto_time.lower);
          ^
../src/uart.h:83:42: note: in definition of macro 'DEBUG'
 #define DEBUG(...) sprintf(print_buffer, __VA_ARGS__); uart_print(print_buffer)
                                          ^~~~~~~~~~~
../src/main.c:35:10: warning: format '%d' expects argument of type 'int', but argument 4 has type 'uint32_t {aka long unsigned int}' [-Wformat=]
    DEBUG("%d %d\n", rto_time.upper, rto_time.lower);
          ^
../src/uart.h:83:42: note: in definition of macro 'DEBUG'
 #define DEBUG(...) sprintf(print_buffer, __VA_ARGS__); uart_print(print_buffer)
                                          ^~~~~~~~~~~
../src/main.c:36:10: warning: format '%d' expects argument of type 'int', but argument 3 has type 'uint32_t {aka long unsigned int}' [-Wformat=]
    DEBUG("%d\n", get_head_cmd());
          ^
../src/uart.h:83:42: note: in definition of macro 'DEBUG'
 #define DEBUG(...) sprintf(print_buffer, __VA_ARGS__); uart_print(print_buffer)
                                          ^~~~~~~~~~~
../src/main.c: In function 'main':
../src/main.c:42:8: warning: format '%d' expects argument of type 'int', but argument 3 has type 'uint32_t {aka long unsigned int}' [-Wformat=]
  DEBUG("%d\n", get_buffer_status());
        ^
../src/uart.h:83:42: note: in definition of macro 'DEBUG'
 #define DEBUG(...) sprintf(print_buffer, __VA_ARGS__); uart_print(print_buffer)
                                          ^~~~~~~~~~~
../src/main.c:47:9: warning: format '%d' expects argument of type 'int', but argument 3 has type 'uint32_t {aka long unsigned int}' [-Wformat=]
   DEBUG("%d\n", get_buffer_status());
         ^
../src/uart.h:83:42: note: in definition of macro 'DEBUG'
 #define DEBUG(...) sprintf(print_buffer, __VA_ARGS__); uart_print(print_buffer)
                                          ^~~~~~~~~~~
Finished building: ../src/main.c
 
Building target: vanila_test.elf
Invoking: MicroBlaze gcc linker
mb-gcc -Wl,-T -Wl,../src/lscript.ld -L../../vanila_tester_bsp/microblaze_I/lib -mlittle-endian -mcpu=v10.0 -mxl-soft-mul -Wl,--no-relax -Wl,--gc-sections -o "vanila_test.elf"  ./src/main.o   -Wl,--start-group,-lxil,-lgcc,-lc,--end-group
Finished building target: vanila_test.elf
 
Invoking: MicroBlaze Print Size
mb-size vanila_test.elf  |tee "vanila_test.elf.size"
   text	   data	    bss	    dec	    hex	filename
  79936	   1436	   3452	  84824	  14b58	vanila_test.elf
Finished building: vanila_test.elf.size
 
22:33:20 **** Auto Build of configuration Debug for project vanila_test ****
make all 
Building file: ../src/main.c
Invoking: MicroBlaze gcc compiler
mb-gcc -Wall -O0 -g3 -c -fmessage-length=0 -MT"src/main.o" -mno-xl-reorder -mlittle-endian -mcpu=v10.0 -mxl-soft-mul -Wl,--no-relax -ffunction-sections -fdata-sections -MMD -MP -MF"src/main.d" -MT"src/main.o" -o "src/main.o" "../src/main.c"
In file included from ../src/main.c:2:0:
../src/uart.h:18:1: warning: useless storage class specifier in empty declaration
 };
 ^
../src/uart.h:24:1: warning: useless storage class specifier in empty declaration
 };
 ^
../src/main.c: In function 'get_cmd':
../src/main.c:15:8: warning: format '%d' expects argument of type 'int', but argument 3 has type 'uint32_t {aka long unsigned int}' [-Wformat=]
  DEBUG("LEN:%d\n",len);
        ^
../src/uart.h:83:42: note: in definition of macro 'DEBUG'
 #define DEBUG(...) sprintf(print_buffer, __VA_ARGS__); uart_print(print_buffer)
                                          ^~~~~~~~~~~
../src/main.c:20:9: warning: format '%d' expects argument of type 'int', but argument 3 has type 'uint32_t {aka long unsigned int}' [-Wformat=]
   DEBUG("CMD %d %d %d\n", rto_time.upper, rto_time.lower, cmd);
         ^
../src/uart.h:83:42: note: in definition of macro 'DEBUG'
 #define DEBUG(...) sprintf(print_buffer, __VA_ARGS__); uart_print(print_buffer)
                                          ^~~~~~~~~~~
../src/main.c:20:9: warning: format '%d' expects argument of type 'int', but argument 4 has type 'uint32_t {aka long unsigned int}' [-Wformat=]
   DEBUG("CMD %d %d %d\n", rto_time.upper, rto_time.lower, cmd);
         ^
../src/uart.h:83:42: note: in definition of macro 'DEBUG'
 #define DEBUG(...) sprintf(print_buffer, __VA_ARGS__); uart_print(print_buffer)
                                          ^~~~~~~~~~~
../src/main.c:20:9: warning: format '%d' expects argument of type 'int', but argument 5 has type 'uint32_t {aka long unsigned int}' [-Wformat=]
   DEBUG("CMD %d %d %d\n", rto_time.upper, rto_time.lower, cmd);
         ^
../src/uart.h:83:42: note: in definition of macro 'DEBUG'
 #define DEBUG(...) sprintf(print_buffer, __VA_ARGS__); uart_print(print_buffer)
                                          ^~~~~~~~~~~
../src/main.c: In function 'interact':
../src/main.c:32:10: warning: format '%d' expects argument of type 'int', but argument 3 has type 'uint32_t {aka long unsigned int}' [-Wformat=]
    DEBUG("%d\n", get_buffer_status());
          ^
../src/uart.h:83:42: note: in definition of macro 'DEBUG'
 #define DEBUG(...) sprintf(print_buffer, __VA_ARGS__); uart_print(print_buffer)
                                          ^~~~~~~~~~~
../src/main.c:35:10: warning: format '%d' expects argument of type 'int', but argument 3 has type 'uint32_t {aka long unsigned int}' [-Wformat=]
    DEBUG("%d %d\n", rto_time.upper, rto_time.lower);
          ^
../src/uart.h:83:42: note: in definition of macro 'DEBUG'
 #define DEBUG(...) sprintf(print_buffer, __VA_ARGS__); uart_print(print_buffer)
                                          ^~~~~~~~~~~
../src/main.c:35:10: warning: format '%d' expects argument of type 'int', but argument 4 has type 'uint32_t {aka long unsigned int}' [-Wformat=]
    DEBUG("%d %d\n", rto_time.upper, rto_time.lower);
          ^
../src/uart.h:83:42: note: in definition of macro 'DEBUG'
 #define DEBUG(...) sprintf(print_buffer, __VA_ARGS__); uart_print(print_buffer)
                                          ^~~~~~~~~~~
../src/main.c:36:10: warning: format '%d' expects argument of type 'int', but argument 3 has type 'uint32_t {aka long unsigned int}' [-Wformat=]
    DEBUG("%d\n", get_head_cmd());
          ^
../src/uart.h:83:42: note: in definition of macro 'DEBUG'
 #define DEBUG(...) sprintf(print_buffer, __VA_ARGS__); uart_print(print_buffer)
                                          ^~~~~~~~~~~
../src/main.c: In function 'main':
../src/main.c:42:8: warning: format '%d' expects argument of type 'int', but argument 3 has type 'uint32_t {aka long unsigned int}' [-Wformat=]
  DEBUG("%d\n", get_buffer_status());
        ^
../src/uart.h:83:42: note: in definition of macro 'DEBUG'
 #define DEBUG(...) sprintf(print_buffer, __VA_ARGS__); uart_print(print_buffer)
                                          ^~~~~~~~~~~
../src/main.c:47:9: warning: format '%d' expects argument of type 'int', but argument 3 has type 'uint32_t {aka long unsigned int}' [-Wformat=]
   DEBUG("%d\n", get_buffer_status());
         ^
../src/uart.h:83:42: note: in definition of macro 'DEBUG'
 #define DEBUG(...) sprintf(print_buffer, __VA_ARGS__); uart_print(print_buffer)
                                          ^~~~~~~~~~~
Finished building: ../src/main.c
 
Building target: vanila_test.elf
Invoking: MicroBlaze gcc linker
mb-gcc -Wl,-T -Wl,../src/lscript.ld -L../../vanila_tester_bsp/microblaze_I/lib -mlittle-endian -mcpu=v10.0 -mxl-soft-mul -Wl,--no-relax -Wl,--gc-sections -o "vanila_test.elf"  ./src/main.o   -Wl,--start-group,-lxil,-lgcc,-lc,--end-group
Finished building target: vanila_test.elf
 
Invoking: MicroBlaze Print Size
mb-size vanila_test.elf  |tee "vanila_test.elf.size"
   text	   data	    bss	    dec	    hex	filename
  79936	   1436	   3452	  84824	  14b58	vanila_test.elf
Finished building: vanila_test.elf.size
 
